1314542 execve("/usr/bin/env", ["env", "-i", "HOME=/box", "LD_LIBRARY_PATH=/box", "/usr/bin/node", "tmp.js"], 0x7fff5381eab0 /* 64 vars */) = 0
1314542 brk(NULL)                       = 0x55bb880a1000
1314542 access("/etc/ld.so.preload", R_OK) = -1 ENOENT (No such file or directory)
1314542 openat(AT_FDCWD, "/etc/ld.so.cache", O_RDONLY|O_CLOEXEC) = 3
1314542 fstat(3, {st_mode=S_IFREG|0644, st_size=94642, ...}) = 0
1314542 mmap(NULL, 94642, PROT_READ, MAP_PRIVATE, 3, 0) = 0x7f6e16ba7000
1314542 close(3)                        = 0
1314542 mmap(NULL, 8192, PROT_READ|PROT_WRITE, MAP_PRIVATE|MAP_ANONYMOUS, -1, 0) = 0x7f6e16ba5000
1314542 openat(AT_FDCWD, "/usr/lib64/libc.so.6", O_RDONLY|O_CLOEXEC) = 3
1314542 read(3, "\177ELF\2\1\1\3\0\0\0\0\0\0\0\0\3\0>\0\1\0\0\0\360u\2\0\0\0\0\0"..., 832) = 832
1314542 pread64(3, "\6\0\0\0\4\0\0\0@\0\0\0\0\0\0\0@\0\0\0\0\0\0\0@\0\0\0\0\0\0\0"..., 784, 64) = 784
1314542 fstat(3, {st_mode=S_IFREG|0755, st_size=1888512, ...}) = 0
1314542 pread64(3, "\6\0\0\0\4\0\0\0@\0\0\0\0\0\0\0@\0\0\0\0\0\0\0@\0\0\0\0\0\0\0"..., 784, 64) = 784
1314542 mmap(NULL, 1915952, PROT_READ, MAP_PRIVATE|MAP_DENYWRITE, 3, 0) = 0x7f6e169d1000
1314542 mmap(0x7f6e169f5000, 1372160, PROT_READ|PROT_EXEC, MAP_PRIVATE|MAP_FIXED|MAP_DENYWRITE, 3, 0x24000) = 0x7f6e169f5000
1314542 mmap(0x7f6e16b44000, 339968, PROT_READ, MAP_PRIVATE|MAP_FIXED|MAP_DENYWRITE, 3, 0x173000) = 0x7f6e16b44000
1314542 mmap(0x7f6e16b97000, 24576, PROT_READ|PROT_WRITE, MAP_PRIVATE|MAP_FIXED|MAP_DENYWRITE, 3, 0x1c6000) = 0x7f6e16b97000
1314542 mmap(0x7f6e16b9d000, 31792, PROT_READ|PROT_WRITE, MAP_PRIVATE|MAP_FIXED|MAP_ANONYMOUS, -1, 0) = 0x7f6e16b9d000
1314542 close(3)                        = 0
1314542 mmap(NULL, 12288, PROT_READ|PROT_WRITE, MAP_PRIVATE|MAP_ANONYMOUS, -1, 0) = 0x7f6e169ce000
1314542 arch_prctl(ARCH_SET_FS, 0x7f6e169ce740) = 0
1314542 set_tid_address(0x7f6e169cea10) = 1314542
1314542 set_robust_list(0x7f6e169cea20, 24) = 0
1314542 rseq(0x7f6e169ce680, 0x20, 0, 0x53053053) = 0
1314542 mprotect(0x7f6e16b97000, 16384, PROT_READ) = 0
1314542 mprotect(0x55bb8809f000, 4096, PROT_READ) = 0
1314542 mprotect(0x7f6e16bfb000, 8192, PROT_READ) = 0
1314542 prlimit64(0, RLIMIT_STACK, NULL, {rlim_cur=8192*1024, rlim_max=RLIM64_INFINITY}) = 0
1314542 getrandom("\x3c\xe7\xeb\xd6\x66\x11\xad\xae", 8, GRND_NONBLOCK) = 8
1314542 munmap(0x7f6e16ba7000, 94642)   = 0
1314542 brk(NULL)                       = 0x55bb880a1000
1314542 brk(0x55bb880c2000)             = 0x55bb880c2000
1314542 openat(AT_FDCWD, "/usr/lib/locale/locale-archive", O_RDONLY|O_CLOEXEC) = 3
1314542 fstat(3, {st_mode=S_IFREG|0644, st_size=233209504, ...}) = 0
1314542 mmap(NULL, 233209504, PROT_READ, MAP_PRIVATE, 3, 0) = 0x7f6e08b66000
1314542 close(3)                        = 0
1314542 execve("/usr/bin/node", ["/usr/bin/node", "tmp.js"], 0x55bb880a2590 /* 2 vars */) = 0
1314542 brk(NULL)                       = 0x560d9921f000
1314542 mmap(NULL, 8192, PROT_READ|PROT_WRITE, MAP_PRIVATE|MAP_ANONYMOUS, -1, 0) = 0x7f16281d8000
1314542 access("/etc/ld.so.preload", R_OK) = -1 ENOENT (No such file or directory)
1314542 openat(AT_FDCWD, "/box/glibc-hwcaps/x86-64-v3/libz.so.1", O_RDONLY|O_CLOEXEC) = -1 ENOENT (No such file or directory)
1314542 newfstatat(AT_FDCWD, "/box/glibc-hwcaps/x86-64-v3/", 0x7ffcbd8521c0, 0) = -1 ENOENT (No such file or directory)
1314542 openat(AT_FDCWD, "/box/glibc-hwcaps/x86-64-v2/libz.so.1", O_RDONLY|O_CLOEXEC) = -1 ENOENT (No such file or directory)
1314542 newfstatat(AT_FDCWD, "/box/glibc-hwcaps/x86-64-v2/", 0x7ffcbd8521c0, 0) = -1 ENOENT (No such file or directory)
1314542 openat(AT_FDCWD, "/box/libz.so.1", O_RDONLY|O_CLOEXEC) = -1 ENOENT (No such file or directory)
1314542 newfstatat(AT_FDCWD, "/box/", 0x7ffcbd8521c0, 0) = -1 ENOENT (No such file or directory)
1314542 openat(AT_FDCWD, "/etc/ld.so.cache", O_RDONLY|O_CLOEXEC) = 3
1314542 fstat(3, {st_mode=S_IFREG|0644, st_size=94642, ...}) = 0
1314542 mmap(NULL, 94642, PROT_READ, MAP_PRIVATE, 3, 0) = 0x7f16281c0000
1314542 close(3)                        = 0
1314542 openat(AT_FDCWD, "/usr/lib64/libz.so.1", O_RDONLY|O_CLOEXEC) = 3
1314542 read(3, "\177ELF\2\1\1\0\0\0\0\0\0\0\0\0\3\0>\0\1\0\0\0\0\0\0\0\0\0\0\0"..., 832) = 832
1314542 fstat(3, {st_mode=S_IFREG|0755, st_size=104456, ...}) = 0
1314542 mmap(NULL, 106512, PROT_READ, MAP_PRIVATE|MAP_DENYWRITE, 3, 0) = 0x7f16281a5000
1314542 mmap(0x7f16281a8000, 61440, PROT_READ|PROT_EXEC, MAP_PRIVATE|MAP_FIXED|MAP_DENYWRITE, 3, 0x3000) = 0x7f16281a8000
1314542 mmap(0x7f16281b7000, 28672, PROT_READ, MAP_PRIVATE|MAP_FIXED|MAP_DENYWRITE, 3, 0x12000) = 0x7f16281b7000
1314542 mmap(0x7f16281be000, 8192, PROT_READ|PROT_WRITE, MAP_PRIVATE|MAP_FIXED|MAP_DENYWRITE, 3, 0x18000) = 0x7f16281be000
1314542 close(3)                        = 0
1314542 openat(AT_FDCWD, "/usr/lib64/libuv.so.1", O_RDONLY|O_CLOEXEC) = 3
1314542 read(3, "\177ELF\2\1\1\0\0\0\0\0\0\0\0\0\3\0>\0\1\0\0\0\0\0\0\0\0\0\0\0"..., 832) = 832
1314542 fstat(3, {st_mode=S_IFREG|0755, st_size=223256, ...}) = 0
1314542 mmap(NULL, 222952, PROT_READ, MAP_PRIVATE|MAP_DENYWRITE, 3, 0) = 0x7f162816e000
1314542 mmap(0x7f1628177000, 135168, PROT_READ|PROT_EXEC, MAP_PRIVATE|MAP_FIXED|MAP_DENYWRITE, 3, 0x9000) = 0x7f1628177000
1314542 mmap(0x7f1628198000, 45056, PROT_READ, MAP_PRIVATE|MAP_FIXED|MAP_DENYWRITE, 3, 0x2a000) = 0x7f1628198000
1314542 mmap(0x7f16281a3000, 8192, PROT_READ|PROT_WRITE, MAP_PRIVATE|MAP_FIXED|MAP_DENYWRITE, 3, 0x35000) = 0x7f16281a3000
1314542 close(3)                        = 0
1314542 openat(AT_FDCWD, "/usr/lib64/libsimdjson.so.26", O_RDONLY|O_CLOEXEC) = 3
1314542 read(3, "\177ELF\2\1\1\3\0\0\0\0\0\0\0\0\3\0>\0\1\0\0\0\0\0\0\0\0\0\0\0"..., 832) = 832
1314542 fstat(3, {st_mode=S_IFREG|0755, st_size=207680, ...}) = 0
1314542 mmap(NULL, 206160, PROT_READ, MAP_PRIVATE|MAP_DENYWRITE, 3, 0) = 0x7f162813b000
1314542 mmap(0x7f1628141000, 143360, PROT_READ|PROT_EXEC, MAP_PRIVATE|MAP_FIXED|MAP_DENYWRITE, 3, 0x6000) = 0x7f1628141000
1314542 mmap(0x7f1628164000, 32768, PROT_READ, MAP_PRIVATE|MAP_FIXED|MAP_DENYWRITE, 3, 0x29000) = 0x7f1628164000
1314542 mmap(0x7f162816c000, 8192, PROT_READ|PROT_WRITE, MAP_PRIVATE|MAP_FIXED|MAP_DENYWRITE, 3, 0x31000) = 0x7f162816c000
1314542 close(3)                        = 0
1314542 openat(AT_FDCWD, "/usr/lib64/libbrotlidec.so.1", O_RDONLY|O_CLOEXEC) = 3
1314542 read(3, "\177ELF\2\1\1\0\0\0\0\0\0\0\0\0\3\0>\0\1\0\0\0\0\0\0\0\0\0\0\0"..., 832) = 832
1314542 fstat(3, {st_mode=S_IFREG|0755, st_size=51056, ...}) = 0
1314542 mmap(NULL, 53264, PROT_READ, MAP_PRIVATE|MAP_DENYWRITE, 3, 0) = 0x7f162812d000
1314542 mmap(0x7f162812e000, 32768, PROT_READ|PROT_EXEC, MAP_PRIVATE|MAP_FIXED|MAP_DENYWRITE, 3, 0x1000) = 0x7f162812e000
1314542 mmap(0x7f1628136000, 12288, PROT_READ, MAP_PRIVATE|MAP_FIXED|MAP_DENYWRITE, 3, 0x9000) = 0x7f1628136000
1314542 mmap(0x7f1628139000, 8192, PROT_READ|PROT_WRITE, MAP_PRIVATE|MAP_FIXED|MAP_DENYWRITE, 3, 0xb000) = 0x7f1628139000
1314542 close(3)                        = 0
1314542 openat(AT_FDCWD, "/usr/lib64/libbrotlienc.so.1", O_RDONLY|O_CLOEXEC) = 3
1314542 read(3, "\177ELF\2\1\1\0\0\0\0\0\0\0\0\0\3\0>\0\1\0\0\0\0\0\0\0\0\0\0\0"..., 832) = 832
1314542 fstat(3, {st_mode=S_IFREG|0755, st_size=666064, ...}) = 0
1314542 mmap(NULL, 668200, PROT_READ, MAP_PRIVATE|MAP_DENYWRITE, 3, 0) = 0x7f1628089000
1314542 mmap(0x7f162808a000, 327680, PROT_READ|PROT_EXEC, MAP_PRIVATE|MAP_FIXED|MAP_DENYWRITE, 3, 0x1000) = 0x7f162808a000
1314542 mmap(0x7f16280da000, 331776, PROT_READ, MAP_PRIVATE|MAP_FIXED|MAP_DENYWRITE, 3, 0x51000) = 0x7f16280da000
1314542 mmap(0x7f162812b000, 8192, PROT_READ|PROT_WRITE, MAP_PRIVATE|MAP_FIXED|MAP_DENYWRITE, 3, 0xa1000) = 0x7f162812b000
1314542 close(3)                        = 0
1314542 openat(AT_FDCWD, "/usr/lib64/libcares.so.2", O_RDONLY|O_CLOEXEC) = 3
1314542 read(3, "\177ELF\2\1\1\0\0\0\0\0\0\0\0\0\3\0>\0\1\0\0\0\0\0\0\0\0\0\0\0"..., 832) = 832
1314542 fstat(3, {st_mode=S_IFREG|0755, st_size=243664, ...}) = 0
1314542 mmap(NULL, 241704, PROT_READ, MAP_PRIVATE|MAP_DENYWRITE, 3, 0) = 0x7f162804d000
1314542 mmap(0x7f1628055000, 159744, PROT_READ|PROT_EXEC, MAP_PRIVATE|MAP_FIXED|MAP_DENYWRITE, 3, 0x8000) = 0x7f1628055000
1314542 mmap(0x7f162807c000, 45056, PROT_READ, MAP_PRIVATE|MAP_FIXED|MAP_DENYWRITE, 3, 0x2f000) = 0x7f162807c000
1314542 mmap(0x7f1628087000, 8192, PROT_READ|PROT_WRITE, MAP_PRIVATE|MAP_FIXED|MAP_DENYWRITE, 3, 0x3a000) = 0x7f1628087000
1314542 close(3)                        = 0
1314542 openat(AT_FDCWD, "/usr/lib64/libnghttp2.so.14", O_RDONLY|O_CLOEXEC) = 3
1314542 read(3, "\177ELF\2\1\1\0\0\0\0\0\0\0\0\0\3\0>\0\1\0\0\0\0\0\0\0\0\0\0\0"..., 832) = 832
1314542 fstat(3, {st_mode=S_IFREG|0755, st_size=178200, ...}) = 0
1314542 mmap(NULL, 8192, PROT_READ|PROT_WRITE, MAP_PRIVATE|MAP_ANONYMOUS, -1, 0) = 0x7f162804b000
1314542 mmap(NULL, 180512, PROT_READ, MAP_PRIVATE|MAP_DENYWRITE, 3, 0) = 0x7f162801e000
1314542 mmap(0x7f1628022000, 90112, PROT_READ|PROT_EXEC, MAP_PRIVATE|MAP_FIXED|MAP_DENYWRITE, 3, 0x4000) = 0x7f1628022000
1314542 mmap(0x7f1628038000, 61440, PROT_READ, MAP_PRIVATE|MAP_FIXED|MAP_DENYWRITE, 3, 0x1a000) = 0x7f1628038000
1314542 mmap(0x7f1628047000, 16384, PROT_READ|PROT_WRITE, MAP_PRIVATE|MAP_FIXED|MAP_DENYWRITE, 3, 0x28000) = 0x7f1628047000
1314542 close(3)                        = 0
1314542 openat(AT_FDCWD, "/usr/lib64/libsqlite3.so.0", O_RDONLY|O_CLOEXEC) = 3
1314542 read(3, "\177ELF\2\1\1\0\0\0\0\0\0\0\0\0\3\0>\0\1\0\0\0\0\0\0\0\0\0\0\0"..., 832) = 832
1314542 fstat(3, {st_mode=S_IFREG|0755, st_size=1633608, ...}) = 0
1314542 mmap(NULL, 1632992, PROT_READ, MAP_PRIVATE|MAP_DENYWRITE, 3, 0) = 0x7f1627e8f000
1314542 mmap(0x7f1627e99000, 1310720, PROT_READ|PROT_EXEC, MAP_PRIVATE|MAP_FIXED|MAP_DENYWRITE, 3, 0xa000) = 0x7f1627e99000
1314542 mmap(0x7f1627fd9000, 245760, PROT_READ, MAP_PRIVATE|MAP_FIXED|MAP_DENYWRITE, 3, 0x14a000) = 0x7f1627fd9000
1314542 mmap(0x7f1628015000, 36864, PROT_READ|PROT_WRITE, MAP_PRIVATE|MAP_FIXED|MAP_DENYWRITE, 3, 0x186000) = 0x7f1628015000
1314542 close(3)                        = 0
1314542 openat(AT_FDCWD, "/usr/lib64/libcrypto.so.3", O_RDONLY|O_CLOEXEC) = 3
1314542 read(3, "\177ELF\2\1\1\0\0\0\0\0\0\0\0\0\3\0>\0\1\0\0\0\0\0\0\0\0\0\0\0"..., 832) = 832
1314542 fstat(3, {st_mode=S_IFREG|0755, st_size=5525808, ...}) = 0
1314542 mmap(NULL, 5540584, PROT_READ, MAP_PRIVATE|MAP_DENYWRITE, 3, 0) = 0x7f1627946000
1314542 mmap(0x7f1627997000, 3428352, PROT_READ|PROT_EXEC, MAP_PRIVATE|MAP_FIXED|MAP_DENYWRITE, 3, 0x51000) = 0x7f1627997000
1314542 mmap(0x7f1627cdc000, 1245184, PROT_READ, MAP_PRIVATE|MAP_FIXED|MAP_DENYWRITE, 3, 0x396000) = 0x7f1627cdc000
1314542 mmap(0x7f1627e0c000, 524288, PROT_READ|PROT_WRITE, MAP_PRIVATE|MAP_FIXED|MAP_DENYWRITE, 3, 0x4c5000) = 0x7f1627e0c000
1314542 mmap(0x7f1627e8c000, 10984, PROT_READ|PROT_WRITE, MAP_PRIVATE|MAP_FIXED|MAP_ANONYMOUS, -1, 0) = 0x7f1627e8c000
1314542 close(3)                        = 0
1314542 openat(AT_FDCWD, "/usr/lib64/libssl.so.3", O_RDONLY|O_CLOEXEC) = 3
1314542 read(3, "\177ELF\2\1\1\0\0\0\0\0\0\0\0\0\3\0>\0\1\0\0\0\0\0\0\0\0\0\0\0"..., 832) = 832
1314542 fstat(3, {st_mode=S_IFREG|0755, st_size=1003320, ...}) = 0
1314542 mmap(NULL, 1005384, PROT_READ, MAP_PRIVATE|MAP_DENYWRITE, 3, 0) = 0x7f1627850000
1314542 mmap(0x7f1627864000, 663552, PROT_READ|PROT_EXEC, MAP_PRIVATE|MAP_FIXED|MAP_DENYWRITE, 3, 0x14000) = 0x7f1627864000
1314542 mmap(0x7f1627906000, 204800, PROT_READ, MAP_PRIVATE|MAP_FIXED|MAP_DENYWRITE, 3, 0xb6000) = 0x7f1627906000
1314542 mmap(0x7f1627938000, 57344, PROT_READ|PROT_WRITE, MAP_PRIVATE|MAP_FIXED|MAP_DENYWRITE, 3, 0xe7000) = 0x7f1627938000
1314542 close(3)                        = 0
1314542 openat(AT_FDCWD, "/usr/lib64/libicui18n.so.77", O_RDONLY|O_CLOEXEC) = 3
1314542 read(3, "\177ELF\2\1\1\0\0\0\0\0\0\0\0\0\3\0>\0\1\0\0\0\0\0\0\0\0\0\0\0"..., 832) = 832
1314542 fstat(3, {st_mode=S_IFREG|0755, st_size=3332640, ...}) = 0
1314542 mmap(NULL, 3339448, PROT_READ, MAP_PRIVATE|MAP_DENYWRITE, 3, 0) = 0x7f1627520000
1314542 mmap(0x7f16275ec000, 1830912, PROT_READ|PROT_EXEC, MAP_PRIVATE|MAP_FIXED|MAP_DENYWRITE, 3, 0xcc000) = 0x7f16275ec000
1314542 mmap(0x7f16277ab000, 593920, PROT_READ, MAP_PRIVATE|MAP_FIXED|MAP_DENYWRITE, 3, 0x28b000) = 0x7f16277ab000
1314542 mmap(0x7f162783c000, 77824, PROT_READ|PROT_WRITE, MAP_PRIVATE|MAP_FIXED|MAP_DENYWRITE, 3, 0x31b000) = 0x7f162783c000
1314542 mmap(0x7f162784f000, 1208, PROT_READ|PROT_WRITE, MAP_PRIVATE|MAP_FIXED|MAP_ANONYMOUS, -1, 0) = 0x7f162784f000
1314542 close(3)                        = 0
1314542 openat(AT_FDCWD, "/usr/lib64/libicuuc.so.77", O_RDONLY|O_CLOEXEC) = 3
1314542 read(3, "\177ELF\2\1\1\0\0\0\0\0\0\0\0\0\3\0>\0\1\0\0\0\0\0\0\0\0\0\0\0"..., 832) = 832
1314542 fstat(3, {st_mode=S_IFREG|0755, st_size=2091040, ...}) = 0
1314542 mmap(NULL, 2098512, PROT_READ, MAP_PRIVATE|MAP_DENYWRITE, 3, 0) = 0x7f162731f000
1314542 mmap(0x7f1627367000, 1105920, PROT_READ|PROT_EXEC, MAP_PRIVATE|MAP_FIXED|MAP_DENYWRITE, 3, 0x48000) = 0x7f1627367000
1314542 mmap(0x7f1627475000, 610304, PROT_READ, MAP_PRIVATE|MAP_FIXED|MAP_DENYWRITE, 3, 0x156000) = 0x7f1627475000
1314542 mmap(0x7f162750a000, 81920, PROT_READ|PROT_WRITE, MAP_PRIVATE|MAP_FIXED|MAP_DENYWRITE, 3, 0x1eb000) = 0x7f162750a000
1314542 mmap(0x7f162751e000, 5456, PROT_READ|PROT_WRITE, MAP_PRIVATE|MAP_FIXED|MAP_ANONYMOUS, -1, 0) = 0x7f162751e000
1314542 close(3)                        = 0
1314542 openat(AT_FDCWD, "/usr/lib/gcc/x86_64-pc-linux-gnu/15/libstdc++.so.6", O_RDONLY|O_CLOEXEC) = 3
1314542 read(3, "\177ELF\2\1\1\3\0\0\0\0\0\0\0\0\3\0>\0\1\0\0\0\0\0\0\0\0\0\0\0"..., 832) = 832
1314542 fstat(3, {st_mode=S_IFREG|0755, st_size=2611768, ...}) = 0
1314542 mmap(NULL, 8192, PROT_READ|PROT_WRITE, MAP_PRIVATE|MAP_ANONYMOUS, -1, 0) = 0x7f162731d000
1314542 mmap(NULL, 2629704, PROT_READ, MAP_PRIVATE|MAP_DENYWRITE, 3, 0) = 0x7f162709a000
1314542 mmap(0x7f1627131000, 1351680, PROT_READ|PROT_EXEC, MAP_PRIVATE|MAP_FIXED|MAP_DENYWRITE, 3, 0x97000) = 0x7f1627131000
1314542 mmap(0x7f162727b000, 573440, PROT_READ, MAP_PRIVATE|MAP_FIXED|MAP_DENYWRITE, 3, 0x1e1000) = 0x7f162727b000
1314542 mmap(0x7f1627307000, 73728, PROT_READ|PROT_WRITE, MAP_PRIVATE|MAP_FIXED|MAP_DENYWRITE, 3, 0x26c000) = 0x7f1627307000
1314542 mmap(0x7f1627319000, 12360, PROT_READ|PROT_WRITE, MAP_PRIVATE|MAP_FIXED|MAP_ANONYMOUS, -1, 0) = 0x7f1627319000
1314542 close(3)                        = 0
1314542 openat(AT_FDCWD, "/usr/lib64/libm.so.6", O_RDONLY|O_CLOEXEC) = 3
1314542 read(3, "\177ELF\2\1\1\3\0\0\0\0\0\0\0\0\3\0>\0\1\0\0\0\0\0\0\0\0\0\0\0"..., 832) = 832
1314542 fstat(3, {st_mode=S_IFREG|0755, st_size=759824, ...}) = 0
1314542 mmap(NULL, 761880, PROT_READ, MAP_PRIVATE|MAP_DENYWRITE, 3, 0) = 0x7f1626fdf000
1314542 mmap(0x7f1626fee000, 450560, PROT_READ|PROT_EXEC, MAP_PRIVATE|MAP_FIXED|MAP_DENYWRITE, 3, 0xf000) = 0x7f1626fee000
1314542 mmap(0x7f162705c000, 245760, PROT_READ, MAP_PRIVATE|MAP_FIXED|MAP_DENYWRITE, 3, 0x7d000) = 0x7f162705c000
1314542 mmap(0x7f1627098000, 8192, PROT_READ|PROT_WRITE, MAP_PRIVATE|MAP_FIXED|MAP_DENYWRITE, 3, 0xb8000) = 0x7f1627098000
1314542 close(3)                        = 0
1314542 openat(AT_FDCWD, "/usr/lib/gcc/x86_64-pc-linux-gnu/15/libgcc_s.so.1", O_RDONLY|O_CLOEXEC) = 3
1314542 read(3, "\177ELF\2\1\1\0\0\0\0\0\0\0\0\0\3\0>\0\1\0\0\0\0\0\0\0\0\0\0\0"..., 832) = 832
1314542 fstat(3, {st_mode=S_IFREG|0644, st_size=182272, ...}) = 0
1314542 mmap(NULL, 180712, PROT_READ, MAP_PRIVATE|MAP_DENYWRITE, 3, 0) = 0x7f1626fb2000
1314542 mmap(0x7f1626fb6000, 143360, PROT_READ|PROT_EXEC, MAP_PRIVATE|MAP_FIXED|MAP_DENYWRITE, 3, 0x4000) = 0x7f1626fb6000
1314542 mmap(0x7f1626fd9000, 16384, PROT_READ, MAP_PRIVATE|MAP_FIXED|MAP_DENYWRITE, 3, 0x27000) = 0x7f1626fd9000
1314542 mmap(0x7f1626fdd000, 8192, PROT_READ|PROT_WRITE, MAP_PRIVATE|MAP_FIXED|MAP_DENYWRITE, 3, 0x2b000) = 0x7f1626fdd000
1314542 close(3)                        = 0
1314542 openat(AT_FDCWD, "/usr/lib64/libc.so.6", O_RDONLY|O_CLOEXEC) = 3
1314542 read(3, "\177ELF\2\1\1\3\0\0\0\0\0\0\0\0\3\0>\0\1\0\0\0\360u\2\0\0\0\0\0"..., 832) = 832
1314542 pread64(3, "\6\0\0\0\4\0\0\0@\0\0\0\0\0\0\0@\0\0\0\0\0\0\0@\0\0\0\0\0\0\0"..., 784, 64) = 784
1314542 fstat(3, {st_mode=S_IFREG|0755, st_size=1888512, ...}) = 0
1314542 pread64(3, "\6\0\0\0\4\0\0\0@\0\0\0\0\0\0\0@\0\0\0\0\0\0\0@\0\0\0\0\0\0\0"..., 784, 64) = 784
1314542 mmap(NULL, 1915952, PROT_READ, MAP_PRIVATE|MAP_DENYWRITE, 3, 0) = 0x7f1626dde000
1314542 mmap(0x7f1626e02000, 1372160, PROT_READ|PROT_EXEC, MAP_PRIVATE|MAP_FIXED|MAP_DENYWRITE, 3, 0x24000) = 0x7f1626e02000
1314542 mmap(0x7f1626f51000, 339968, PROT_READ, MAP_PRIVATE|MAP_FIXED|MAP_DENYWRITE, 3, 0x173000) = 0x7f1626f51000
1314542 mmap(0x7f1626fa4000, 24576, PROT_READ|PROT_WRITE, MAP_PRIVATE|MAP_FIXED|MAP_DENYWRITE, 3, 0x1c6000) = 0x7f1626fa4000
1314542 mmap(0x7f1626faa000, 31792, PROT_READ|PROT_WRITE, MAP_PRIVATE|MAP_FIXED|MAP_ANONYMOUS, -1, 0) = 0x7f1626faa000
1314542 close(3)                        = 0
1314542 openat(AT_FDCWD, "/usr/lib64/libbrotlicommon.so.1", O_RDONLY|O_CLOEXEC) = 3
1314542 read(3, "\177ELF\2\1\1\0\0\0\0\0\0\0\0\0\3\0>\0\1\0\0\0\0\0\0\0\0\0\0\0"..., 832) = 832
1314542 fstat(3, {st_mode=S_IFREG|0755, st_size=141240, ...}) = 0
1314542 mmap(NULL, 139280, PROT_READ, MAP_PRIVATE|MAP_DENYWRITE, 3, 0) = 0x7f1626dbb000
1314542 mmap(0x7f1626dbc000, 4096, PROT_READ|PROT_EXEC, MAP_PRIVATE|MAP_FIXED|MAP_DENYWRITE, 3, 0x1000) = 0x7f1626dbc000
1314542 mmap(0x7f1626dbd000, 126976, PROT_READ, MAP_PRIVATE|MAP_FIXED|MAP_DENYWRITE, 3, 0x2000) = 0x7f1626dbd000
1314542 mmap(0x7f1626ddc000, 8192, PROT_READ|PROT_WRITE, MAP_PRIVATE|MAP_FIXED|MAP_DENYWRITE, 3, 0x21000) = 0x7f1626ddc000
1314542 close(3)                        = 0
1314542 openat(AT_FDCWD, "/usr/lib64/libicudata.so.77", O_RDONLY|O_CLOEXEC) = 3
1314542 read(3, "\177ELF\2\1\1\0\0\0\0\0\0\0\0\0\3\0>\0\1\0\0\0\0\0\0\0\0\0\0\0"..., 832) = 832
1314542 fstat(3, {st_mode=S_IFREG|0755, st_size=31909368, ...}) = 0
1314542 mmap(NULL, 8192, PROT_READ|PROT_WRITE, MAP_PRIVATE|MAP_ANONYMOUS, -1, 0) = 0x7f1626db9000
1314542 mmap(NULL, 31907856, PROT_READ, MAP_PRIVATE|MAP_DENYWRITE, 3, 0) = 0x7f1624f4a000
1314542 mmap(0x7f1624f4b000, 4096, PROT_READ|PROT_EXEC, MAP_PRIVATE|MAP_FIXED|MAP_DENYWRITE, 3, 0x1000) = 0x7f1624f4b000
1314542 mmap(0x7f1624f4c000, 31895552, PROT_READ, MAP_PRIVATE|MAP_FIXED|MAP_DENYWRITE, 3, 0x2000) = 0x7f1624f4c000
1314542 mmap(0x7f1626db7000, 8192, PROT_READ|PROT_WRITE, MAP_PRIVATE|MAP_FIXED|MAP_DENYWRITE, 3, 0x1e6d000) = 0x7f1626db7000
1314542 close(3)                        = 0
1314542 mmap(NULL, 8192, PROT_READ|PROT_WRITE, MAP_PRIVATE|MAP_ANONYMOUS, -1, 0) = 0x7f1624f48000
1314542 mmap(NULL, 12288, PROT_READ|PROT_WRITE, MAP_PRIVATE|MAP_ANONYMOUS, -1, 0) = 0x7f1624f45000
1314542 arch_prctl(ARCH_SET_FS, 0x7f1624f458c0) = 0
1314542 set_tid_address(0x7f1624f45b90) = 1314542
1314542 set_robust_list(0x7f1624f45ba0, 24) = 0
1314542 rseq(0x7f1624f456a0, 0x20, 0, 0x53053053) = 0
1314542 mprotect(0x7f1626fa4000, 16384, PROT_READ) = 0
1314542 mprotect(0x7f1626db7000, 4096, PROT_READ) = 0
1314542 mprotect(0x7f1626ddc000, 4096, PROT_READ) = 0
1314542 mprotect(0x7f1626fdd000, 4096, PROT_READ) = 0
1314542 mprotect(0x7f1627098000, 4096, PROT_READ) = 0
1314542 mprotect(0x7f1627307000, 69632, PROT_READ) = 0
1314542 mprotect(0x7f162750a000, 77824, PROT_READ) = 0
1314542 mprotect(0x7f162783c000, 73728, PROT_READ) = 0
1314542 mprotect(0x7f1627e0c000, 512000, PROT_READ) = 0
1314542 mprotect(0x7f1627938000, 40960, PROT_READ) = 0
1314542 mprotect(0x7f16281be000, 4096, PROT_READ) = 0
1314542 mprotect(0x7f1628015000, 16384, PROT_READ) = 0
1314542 mprotect(0x7f1628047000, 12288, PROT_READ) = 0
1314542 mprotect(0x7f1628087000, 4096, PROT_READ) = 0
1314542 mprotect(0x7f162812b000, 4096, PROT_READ) = 0
1314542 mprotect(0x7f1628139000, 4096, PROT_READ) = 0
1314542 mprotect(0x7f162816c000, 4096, PROT_READ) = 0
1314542 mprotect(0x7f16281a3000, 4096, PROT_READ) = 0
1314542 mprotect(0x560d9913e000, 589824, PROT_READ) = 0
1314542 mmap(NULL, 8192, PROT_READ|PROT_WRITE, MAP_PRIVATE|MAP_ANONYMOUS, -1, 0) = 0x7f1624f43000
1314542 mprotect(0x7f1628216000, 8192, PROT_READ) = 0
1314542 prlimit64(0, RLIMIT_STACK, NULL, {rlim_cur=8192*1024, rlim_max=RLIM64_INFINITY}) = 0
1314542 getrandom("\x19\xd9\xdf\x9c\x1b\x08\xc1\x08", 8, GRND_NONBLOCK) = 8
1314542 munmap(0x7f16281c0000, 94642)   = 0
1314542 futex(0x7f16273196bc, FUTEX_WAKE_PRIVATE, 2147483647) = 0
1314542 brk(NULL)                       = 0x560d9921f000
1314542 brk(0x560d99252000)             = 0x560d99252000
1314542 brk(0x560d99273000)             = 0x560d99273000
1314542 futex(0x7f16281a45f8, FUTEX_WAKE_PRIVATE, 2147483647) = 0
1314542 brk(0x560d99294000)             = 0x560d99294000
1314542 futex(0x7f1627e8c1dc, FUTEX_WAKE_PRIVATE, 2147483647) = 0
1314542 futex(0x7f1627e8c1d0, FUTEX_WAKE_PRIVATE, 2147483647) = 0
1314542 futex(0x7f1627e8c1c8, FUTEX_WAKE_PRIVATE, 2147483647) = 0
1314542 futex(0x7f1627e8c2d0, FUTEX_WAKE_PRIVATE, 2147483647) = 0
1314542 futex(0x7f1627e8c1b0, FUTEX_WAKE_PRIVATE, 2147483647) = 0
1314542 getpid()                        = 1314542
1314542 capget({version=_LINUX_CAPABILITY_VERSION_3, pid=1314542}, {effective=0, permitted=0, inheritable=1<<CAP_WAKE_ALARM}) = 0
1314542 getuid()                        = 1000
1314542 geteuid()                       = 1000
1314542 getgid()                        = 1000
1314542 getegid()                       = 1000
1314542 fstat(0, {st_mode=S_IFCHR|0620, st_rdev=makedev(0x88, 0x4), ...}) = 0
1314542 fstat(1, {st_mode=S_IFCHR|0620, st_rdev=makedev(0x88, 0x4), ...}) = 0
1314542 fstat(2, {st_mode=S_IFCHR|0620, st_rdev=makedev(0x88, 0x4), ...}) = 0
1314542 rt_sigprocmask(SIG_SETMASK, [USR1], NULL, 8) = 0
1314542 rt_sigaction(SIGHUP, NULL, {sa_handler=SIG_DFL, sa_mask=[], sa_flags=0}, 8) = 0
1314542 rt_sigaction(SIGINT, NULL, {sa_handler=SIG_DFL, sa_mask=[], sa_flags=0}, 8) = 0
1314542 rt_sigaction(SIGQUIT, NULL, {sa_handler=SIG_DFL, sa_mask=[], sa_flags=0}, 8) = 0
1314542 rt_sigaction(SIGILL, NULL, {sa_handler=SIG_DFL, sa_mask=[], sa_flags=0}, 8) = 0
1314542 rt_sigaction(SIGTRAP, NULL, {sa_handler=SIG_DFL, sa_mask=[], sa_flags=0}, 8) = 0
1314542 rt_sigprocmask(SIG_BLOCK, ~[], [USR1], 8) = 0
1314542 rt_sigaction(SIGABRT, NULL, {sa_handler=SIG_DFL, sa_mask=[], sa_flags=0}, 8) = 0
1314542 rt_sigprocmask(SIG_SETMASK, [USR1], NULL, 8) = 0
1314542 rt_sigaction(SIGBUS, NULL, {sa_handler=SIG_DFL, sa_mask=[], sa_flags=0}, 8) = 0
1314542 rt_sigaction(SIGFPE, NULL, {sa_handler=SIG_DFL, sa_mask=[], sa_flags=0}, 8) = 0
1314542 rt_sigaction(SIGUSR1, NULL, {sa_handler=SIG_DFL, sa_mask=[], sa_flags=0}, 8) = 0
1314542 rt_sigaction(SIGSEGV, NULL, {sa_handler=SIG_DFL, sa_mask=[], sa_flags=0}, 8) = 0
1314542 rt_sigaction(SIGUSR2, NULL, {sa_handler=SIG_DFL, sa_mask=[], sa_flags=0}, 8) = 0
1314542 rt_sigaction(SIGPIPE, {sa_handler=SIG_IGN, sa_mask=[], sa_flags=SA_RESTORER, sa_restorer=0x7f1626e1b380}, NULL, 8) = 0
1314542 rt_sigaction(SIGALRM, NULL, {sa_handler=SIG_DFL, sa_mask=[], sa_flags=0}, 8) = 0
1314542 rt_sigaction(SIGTERM, NULL, {sa_handler=SIG_DFL, sa_mask=[], sa_flags=0}, 8) = 0
1314542 rt_sigaction(SIGSTKFLT, NULL, {sa_handler=SIG_DFL, sa_mask=[], sa_flags=0}, 8) = 0
1314542 rt_sigaction(SIGCHLD, NULL, {sa_handler=SIG_DFL, sa_mask=[], sa_flags=0}, 8) = 0
1314542 rt_sigaction(SIGCONT, NULL, {sa_handler=SIG_DFL, sa_mask=[], sa_flags=0}, 8) = 0
1314542 rt_sigaction(SIGTSTP, NULL, {sa_handler=SIG_DFL, sa_mask=[], sa_flags=0}, 8) = 0
1314542 rt_sigaction(SIGTTIN, NULL, {sa_handler=SIG_DFL, sa_mask=[], sa_flags=0}, 8) = 0
1314542 rt_sigaction(SIGTTOU, NULL, {sa_handler=SIG_DFL, sa_mask=[], sa_flags=0}, 8) = 0
1314542 rt_sigaction(SIGURG, NULL, {sa_handler=SIG_DFL, sa_mask=[], sa_flags=0}, 8) = 0
1314542 rt_sigaction(SIGXCPU, NULL, {sa_handler=SIG_DFL, sa_mask=[], sa_flags=0}, 8) = 0
1314542 rt_sigaction(SIGXFSZ, {sa_handler=SIG_IGN, sa_mask=[], sa_flags=SA_RESTORER, sa_restorer=0x7f1626e1b380}, NULL, 8) = 0
1314542 rt_sigaction(SIGVTALRM, NULL, {sa_handler=SIG_DFL, sa_mask=[], sa_flags=0}, 8) = 0
1314542 rt_sigaction(SIGPROF, NULL, {sa_handler=SIG_DFL, sa_mask=[], sa_flags=0}, 8) = 0
1314542 rt_sigaction(SIGWINCH, NULL, {sa_handler=SIG_DFL, sa_mask=[], sa_flags=0}, 8) = 0
1314542 rt_sigaction(SIGIO, NULL, {sa_handler=SIG_DFL, sa_mask=[], sa_flags=0}, 8) = 0
1314542 rt_sigaction(SIGPWR, NULL, {sa_handler=SIG_DFL, sa_mask=[], sa_flags=0}, 8) = 0
1314542 rt_sigaction(SIGSYS, NULL, {sa_handler=SIG_DFL, sa_mask=[], sa_flags=0}, 8) = 0
1314542 fcntl(0, F_GETFL)               = 0x2 (flags O_RDWR)
1314542 ioctl(0, TCGETS2, {c_iflag=BRKINT|ICRNL|IXON|IXANY|IMAXBEL|IUTF8, c_oflag=NL0|CR0|TAB0|BS0|VT0|FF0|OPOST|ONLCR, c_cflag=B38400|B38400<<IBSHIFT|CS8|CREAD|HUPCL, c_lflag=ISIG|ICANON|ECHO|ECHOE|ECHOK|IEXTEN|ECHOCTL|ECHOKE, ...}) = 0
1314542 ioctl(0, TCGETS2, {c_iflag=BRKINT|ICRNL|IXON|IXANY|IMAXBEL|IUTF8, c_oflag=NL0|CR0|TAB0|BS0|VT0|FF0|OPOST|ONLCR, c_cflag=B38400|B38400<<IBSHIFT|CS8|CREAD|HUPCL, c_lflag=ISIG|ICANON|ECHO|ECHOE|ECHOK|IEXTEN|ECHOCTL|ECHOKE, ...}) = 0
1314542 fcntl(1, F_GETFL)               = 0x2 (flags O_RDWR)
1314542 ioctl(1, TCGETS2, {c_iflag=BRKINT|ICRNL|IXON|IXANY|IMAXBEL|IUTF8, c_oflag=NL0|CR0|TAB0|BS0|VT0|FF0|OPOST|ONLCR, c_cflag=B38400|B38400<<IBSHIFT|CS8|CREAD|HUPCL, c_lflag=ISIG|ICANON|ECHO|ECHOE|ECHOK|IEXTEN|ECHOCTL|ECHOKE, ...}) = 0
1314542 ioctl(1, TCGETS2, {c_iflag=BRKINT|ICRNL|IXON|IXANY|IMAXBEL|IUTF8, c_oflag=NL0|CR0|TAB0|BS0|VT0|FF0|OPOST|ONLCR, c_cflag=B38400|B38400<<IBSHIFT|CS8|CREAD|HUPCL, c_lflag=ISIG|ICANON|ECHO|ECHOE|ECHOK|IEXTEN|ECHOCTL|ECHOKE, ...}) = 0
1314542 fcntl(2, F_GETFL)               = 0x2 (flags O_RDWR)
1314542 ioctl(2, TCGETS2, {c_iflag=BRKINT|ICRNL|IXON|IXANY|IMAXBEL|IUTF8, c_oflag=NL0|CR0|TAB0|BS0|VT0|FF0|OPOST|ONLCR, c_cflag=B38400|B38400<<IBSHIFT|CS8|CREAD|HUPCL, c_lflag=ISIG|ICANON|ECHO|ECHOE|ECHOK|IEXTEN|ECHOCTL|ECHOKE, ...}) = 0
1314542 ioctl(2, TCGETS2, {c_iflag=BRKINT|ICRNL|IXON|IXANY|IMAXBEL|IUTF8, c_oflag=NL0|CR0|TAB0|BS0|VT0|FF0|OPOST|ONLCR, c_cflag=B38400|B38400<<IBSHIFT|CS8|CREAD|HUPCL, c_lflag=ISIG|ICANON|ECHO|ECHOE|ECHOK|IEXTEN|ECHOCTL|ECHOKE, ...}) = 0
1314542 rt_sigaction(SIGINT, {sa_handler=0x560d961d4f50, sa_mask=~[RTMIN RT_1], sa_flags=SA_RESTORER|SA_RESETHAND, sa_restorer=0x7f1626e1b380}, NULL, 8) = 0
1314542 rt_sigaction(SIGTERM, {sa_handler=0x560d961d4f50, sa_mask=~[RTMIN RT_1], sa_flags=SA_RESTORER|SA_RESETHAND, sa_restorer=0x7f1626e1b380}, NULL, 8) = 0
1314542 prlimit64(0, RLIMIT_NOFILE, NULL, {rlim_cur=512*1024, rlim_max=512*1024}) = 0
1314542 fcntl(0, F_SETFD, FD_CLOEXEC)   = 0
1314542 fcntl(1, F_SETFD, FD_CLOEXEC)   = 0
1314542 fcntl(2, F_SETFD, FD_CLOEXEC)   = 0
1314542 fcntl(3, F_SETFD, FD_CLOEXEC)   = -1 EBADF (Bad file descriptor)
1314542 fcntl(4, F_SETFD, FD_CLOEXEC)   = -1 EBADF (Bad file descriptor)
1314542 fcntl(5, F_SETFD, FD_CLOEXEC)   = -1 EBADF (Bad file descriptor)
1314542 fcntl(6, F_SETFD, FD_CLOEXEC)   = -1 EBADF (Bad file descriptor)
1314542 fcntl(7, F_SETFD, FD_CLOEXEC)   = -1 EBADF (Bad file descriptor)
1314542 fcntl(8, F_SETFD, FD_CLOEXEC)   = -1 EBADF (Bad file descriptor)
1314542 fcntl(9, F_SETFD, FD_CLOEXEC)   = -1 EBADF (Bad file descriptor)
1314542 fcntl(10, F_SETFD, FD_CLOEXEC)  = -1 EBADF (Bad file descriptor)
1314542 fcntl(11, F_SETFD, FD_CLOEXEC)  = -1 EBADF (Bad file descriptor)
1314542 fcntl(12, F_SETFD, FD_CLOEXEC)  = -1 EBADF (Bad file descriptor)
1314542 fcntl(13, F_SETFD, FD_CLOEXEC)  = -1 EBADF (Bad file descriptor)
1314542 fcntl(14, F_SETFD, FD_CLOEXEC)  = -1 EBADF (Bad file descriptor)
1314542 fcntl(15, F_SETFD, FD_CLOEXEC)  = -1 EBADF (Bad file descriptor)
1314542 fcntl(16, F_SETFD, FD_CLOEXEC)  = -1 EBADF (Bad file descriptor)
1314542 getpid()                        = 1314542
1314542 capget({version=_LINUX_CAPABILITY_VERSION_3, pid=1314542}, {effective=0, permitted=0, inheritable=1<<CAP_WAKE_ALARM}) = 0
1314542 getuid()                        = 1000
1314542 geteuid()                       = 1000
1314542 getgid()                        = 1000
1314542 getegid()                       = 1000
1314542 getpid()                        = 1314542
1314542 capget({version=_LINUX_CAPABILITY_VERSION_3, pid=1314542}, {effective=0, permitted=0, inheritable=1<<CAP_WAKE_ALARM}) = 0
1314542 getuid()                        = 1000
1314542 geteuid()                       = 1000
1314542 getgid()                        = 1000
1314542 getegid()                       = 1000
1314542 getpid()                        = 1314542
1314542 capget({version=_LINUX_CAPABILITY_VERSION_3, pid=1314542}, {effective=0, permitted=0, inheritable=1<<CAP_WAKE_ALARM}) = 0
1314542 getuid()                        = 1000
1314542 geteuid()                       = 1000
1314542 getgid()                        = 1000
1314542 getegid()                       = 1000
1314542 getpid()                        = 1314542
1314542 capget({version=_LINUX_CAPABILITY_VERSION_3, pid=1314542}, {effective=0, permitted=0, inheritable=1<<CAP_WAKE_ALARM}) = 0
1314542 getuid()                        = 1000
1314542 geteuid()                       = 1000
1314542 getgid()                        = 1000
1314542 getegid()                       = 1000
1314542 getpid()                        = 1314542
1314542 capget({version=_LINUX_CAPABILITY_VERSION_3, pid=1314542}, {effective=0, permitted=0, inheritable=1<<CAP_WAKE_ALARM}) = 0
1314542 getuid()                        = 1000
1314542 geteuid()                       = 1000
1314542 getgid()                        = 1000
1314542 getegid()                       = 1000
1314542 getpid()                        = 1314542
1314542 capget({version=_LINUX_CAPABILITY_VERSION_3, pid=1314542}, {effective=0, permitted=0, inheritable=1<<CAP_WAKE_ALARM}) = 0
1314542 getuid()                        = 1000
1314542 geteuid()                       = 1000
1314542 getgid()                        = 1000
1314542 getegid()                       = 1000
1314542 getpid()                        = 1314542
1314542 capget({version=_LINUX_CAPABILITY_VERSION_3, pid=1314542}, {effective=0, permitted=0, inheritable=1<<CAP_WAKE_ALARM}) = 0
1314542 getuid()                        = 1000
1314542 geteuid()                       = 1000
1314542 getgid()                        = 1000
1314542 getegid()                       = 1000
1314542 getpid()                        = 1314542
1314542 capget({version=_LINUX_CAPABILITY_VERSION_3, pid=1314542}, {effective=0, permitted=0, inheritable=1<<CAP_WAKE_ALARM}) = 0
1314542 getuid()                        = 1000
1314542 geteuid()                       = 1000
1314542 getgid()                        = 1000
1314542 getegid()                       = 1000
1314542 futex(0x7f162751f2a8, FUTEX_WAKE_PRIVATE, 2147483647) = 0
1314542 getpid()                        = 1314542
1314542 capget({version=_LINUX_CAPABILITY_VERSION_3, pid=1314542}, {effective=0, permitted=0, inheritable=1<<CAP_WAKE_ALARM}) = 0
1314542 getuid()                        = 1000
1314542 geteuid()                       = 1000
1314542 getgid()                        = 1000
1314542 getegid()                       = 1000
1314542 futex(0x7f1627e8bcec, FUTEX_WAKE_PRIVATE, 2147483647) = 0
1314542 futex(0x7f1627e8bc24, FUTEX_WAKE_PRIVATE, 2147483647) = 0
1314542 futex(0x7f1627e8c214, FUTEX_WAKE_PRIVATE, 2147483647) = 0
1314542 futex(0x7f1627e8bc18, FUTEX_WAKE_PRIVATE, 2147483647) = 0
1314542 brk(0x560d992b5000)             = 0x560d992b5000
1314542 futex(0x7f1627e8c1c0, FUTEX_WAKE_PRIVATE, 2147483647) = 0
1314542 openat(AT_FDCWD, "/etc/ssl/openssl.cnf", O_RDONLY) = 3
1314542 fstat(3, {st_mode=S_IFREG|0644, st_size=12411, ...}) = 0
1314542 read(3, "#\n# OpenSSL example configuratio"..., 4096) = 4096
1314542 read(3, "d attributes must be the same, a"..., 4096) = 4096
1314542 read(3, "coding of an extension: beware e"..., 4096) = 4096
1314542 read(3, "cert = $insta::certout # insta.c"..., 4096) = 123
1314542 read(3, "", 4096)               = 0
1314542 close(3)                        = 0
1314542 futex(0x7f1627e8c1a0, FUTEX_WAKE_PRIVATE, 2147483647) = 0
1314542 futex(0x7f1627e8c330, FUTEX_WAKE_PRIVATE, 2147483647) = 0
1314542 futex(0x7f1627e8c1a8, FUTEX_WAKE_PRIVATE, 2147483647) = 0
1314542 getpid()                        = 1314542
1314542 brk(0x560d992d6000)             = 0x560d992d6000
1314542 getrandom("\xde\x2c\xb0\xe9\x92\x38\x64\xe3\xb6\xa4\xa0\xaa\x7d\x3f\xc1\xc2\xbc\xec\xf0\xea\x19\x6a\x85\x5c\x13\x65\x4b\xc0\x8a\x1a\x44\xe9"..., 48, 0) = 48
1314542 getpid()                        = 1314542
1314542 getpid()                        = 1314542
1314542 mmap(NULL, 65536, PROT_READ|PROT_WRITE, MAP_PRIVATE|MAP_ANONYMOUS, -1, 0) = 0x7f16281c8000
1314542 prctl(PR_SET_VMA, PR_SET_VMA_ANON_NAME, 0x7f16281c8000, 65536, "absl") = -1 EINVAL (Invalid argument)
1314542 rt_sigprocmask(SIG_SETMASK, ~[RTMIN RT_1], [USR1], 8) = 0
1314542 rt_sigprocmask(SIG_SETMASK, [USR1], NULL, 8) = 0
1314542 mmap(NULL, 65536, PROT_READ|PROT_WRITE, MAP_PRIVATE|MAP_ANONYMOUS, -1, 0) = 0x7f1624f33000
1314542 prctl(PR_SET_VMA, PR_SET_VMA_ANON_NAME, 0x7f1624f33000, 65536, "absl") = -1 EINVAL (Invalid argument)
1314542 mmap(NULL, 1114112, PROT_READ|PROT_WRITE, MAP_PRIVATE|MAP_ANONYMOUS, -1, 0) = 0x7f1624e23000
1314542 prctl(PR_SET_VMA, PR_SET_VMA_ANON_NAME, 0x7f1624e23000, 1114112, "absl") = -1 EINVAL (Invalid argument)
1314542 getpid()                        = 1314542
1314542 capget({version=_LINUX_CAPABILITY_VERSION_3, pid=1314542}, {effective=0, permitted=0, inheritable=1<<CAP_WAKE_ALARM}) = 0
1314542 getuid()                        = 1000
1314542 geteuid()                       = 1000
1314542 getgid()                        = 1000
1314542 getegid()                       = 1000
1314542 prctl(PR_SET_NAME, "MainThread") = 0
1314542 epoll_create1(EPOLL_CLOEXEC)    = 3
1314542 openat(AT_FDCWD, "/proc/version_signature", O_RDONLY|O_CLOEXEC) = -1 ENOENT (No such file or directory)
1314542 uname({sysname="Linux", nodename="rayitl1", ...}) = 0
1314542 io_uring_setup(256, {flags=IORING_SETUP_NO_SQARRAY, sq_thread_cpu=0, sq_thread_idle=0, sq_entries=256, cq_entries=512, features=IORING_FEAT_SINGLE_MMAP|IORING_FEAT_NODROP|IORING_FEAT_SUBMIT_STABLE|IORING_FEAT_RW_CUR_POS|IORING_FEAT_CUR_PERSONALITY|IORING_FEAT_FAST_POLL|IORING_FEAT_POLL_32BITS|IORING_FEAT_SQPOLL_NONFIXED|IORING_FEAT_EXT_ARG|IORING_FEAT_NATIVE_WORKERS|IORING_FEAT_RSRC_TAGS|IORING_FEAT_CQE_SKIP|IORING_FEAT_LINKED_FILE|IORING_FEAT_REG_REG_RING|IORING_FEAT_RECVSEND_BUNDLE|IORING_FEAT_MIN_TIMEOUT|IORING_FEAT_RW_ATTR|IORING_FEAT_NO_IOWAIT, sq_off={head=0, tail=4, ring_mask=16, ring_entries=24, flags=36, dropped=32, array=0, user_addr=0}, cq_off={head=8, tail=12, ring_mask=20, ring_entries=28, overflow=44, cqes=64, flags=40, user_addr=0}}) = 4
1314542 mmap(NULL, 8256, PROT_READ|PROT_WRITE, MAP_SHARED|MAP_POPULATE, 4, 0) = 0x7f16281c5000
1314542 mmap(NULL, 16384, PROT_READ|PROT_WRITE, MAP_SHARED|MAP_POPULATE, 4, 0x10000000) = 0x7f16281c1000
1314542 pipe2([5, 6], O_CLOEXEC)        = 0
1314542 write(6, "*", 1)                = 1
1314542 futex(0x7f16281a45f0, FUTEX_WAKE_PRIVATE, 2147483647) = 0
1314542 pipe2([7, 8], O_NONBLOCK|O_CLOEXEC) = 0
1314542 eventfd2(0, EFD_CLOEXEC|EFD_NONBLOCK) = 9
1314542 prlimit64(0, RLIMIT_STACK, NULL, {rlim_cur=8192*1024, rlim_max=RLIM64_INFINITY}) = 0
1314542 rt_sigaction(SIGRT_1, {sa_handler=0x7f1626e6d540, sa_mask=[], sa_flags=SA_RESTORER|SA_ONSTACK|SA_RESTART|SA_SIGINFO, sa_restorer=0x7f1626e1b380}, NULL, 8) = 0
1314542 rt_sigprocmask(SIG_UNBLOCK, [RTMIN RT_1], NULL, 8) = 0
1314542 mmap(NULL, 8392704, PROT_READ|PROT_WRITE, MAP_PRIVATE|MAP_ANONYMOUS|MAP_STACK, -1, 0) = 0x7f1624622000
1314542 madvise(0x7f1624622000, 4096, MADV_GUARD_INSTALL) = 0
1314542 rt_sigprocmask(SIG_BLOCK, ~[], [USR1], 8) = 0
1314542 clone3({flags=CLONE_VM|CLONE_FS|CLONE_FILES|CLONE_SIGHAND|CLONE_THREAD|CLONE_SYSVSEM|CLONE_SETTLS|CLONE_PARENT_SETTID|CLONE_CHILD_CLEARTID, child_tid=0x7f1624e22990, parent_tid=0x7f1624e22990, exit_signal=0, stack=0x7f1624622000, stack_size=0x7ffe00, tls=0x7f1624e226c0} => {parent_tid=[1314543]}, 88) = 1314543
1314543 rseq(0x7f1624e224a0, 0x20, 0, 0x53053053 <unfinished ...>
1314542 rt_sigprocmask(SIG_SETMASK, [USR1] <unfinished ...>
1314543 <... rseq resumed>)             = 0
1314543 set_robust_list(0x7f1624e229a0, 24 <unfinished ...>
1314542 <... rt_sigprocmask resumed>, NULL, 8) = 0
1314542 futex(0x560d992d2420, FUTEX_WAIT_BITSET_PRIVATE|FUTEX_CLOCK_REALTIME, 0, NULL, FUTEX_BITSET_MATCH_ANY <unfinished ...>
1314543 <... set_robust_list resumed>)  = 0
1314543 rt_sigprocmask(SIG_SETMASK, [USR1], NULL, 8) = 0
1314543 mmap(NULL, 134217728, PROT_NONE, MAP_PRIVATE|MAP_ANONYMOUS, -1, 0) = 0x7f161c622000
1314543 munmap(0x7f161c622000, 60678144) = 0
1314543 munmap(0x7f1624000000, 6430720) = 0
1314543 mprotect(0x7f1620000000, 135168, PROT_READ|PROT_WRITE) = 0
1314543 epoll_create1(EPOLL_CLOEXEC)    = 10
1314543 io_uring_setup(256, {flags=IORING_SETUP_NO_SQARRAY, sq_thread_cpu=0, sq_thread_idle=0, sq_entries=256, cq_entries=512, features=IORING_FEAT_SINGLE_MMAP|IORING_FEAT_NODROP|IORING_FEAT_SUBMIT_STABLE|IORING_FEAT_RW_CUR_POS|IORING_FEAT_CUR_PERSONALITY|IORING_FEAT_FAST_POLL|IORING_FEAT_POLL_32BITS|IORING_FEAT_SQPOLL_NONFIXED|IORING_FEAT_EXT_ARG|IORING_FEAT_NATIVE_WORKERS|IORING_FEAT_RSRC_TAGS|IORING_FEAT_CQE_SKIP|IORING_FEAT_LINKED_FILE|IORING_FEAT_REG_REG_RING|IORING_FEAT_RECVSEND_BUNDLE|IORING_FEAT_MIN_TIMEOUT|IORING_FEAT_RW_ATTR|IORING_FEAT_NO_IOWAIT, sq_off={head=0, tail=4, ring_mask=16, ring_entries=24, flags=36, dropped=32, array=0, user_addr=0}, cq_off={head=8, tail=12, ring_mask=20, ring_entries=28, overflow=44, cqes=64, flags=40, user_addr=0}}) = 11
1314543 mmap(NULL, 8256, PROT_READ|PROT_WRITE, MAP_SHARED|MAP_POPULATE, 11, 0) = 0x7f162461f000
1314543 mmap(NULL, 16384, PROT_READ|PROT_WRITE, MAP_SHARED|MAP_POPULATE, 11, 0x10000000) = 0x7f162461b000
1314543 pipe2([12, 13], O_NONBLOCK|O_CLOEXEC) = 0
1314543 eventfd2(0, EFD_CLOEXEC|EFD_NONBLOCK) = 14
1314543 futex(0x560d992d2420, FUTEX_WAKE_PRIVATE, 1 <unfinished ...>
1314542 <... futex resumed>)            = 0
1314543 <... futex resumed>)            = 1
1314542 prlimit64(0, RLIMIT_STACK, NULL <unfinished ...>
1314543 io_uring_enter(11, 2, 2, IORING_ENTER_GETEVENTS, NULL, 0 <unfinished ...>
1314542 <... prlimit64 resumed>, {rlim_cur=8192*1024, rlim_max=RLIM64_INFINITY}) = 0
1314543 <... io_uring_enter resumed>)   = 2
1314542 mmap(NULL, 8392704, PROT_READ|PROT_WRITE, MAP_PRIVATE|MAP_ANONYMOUS|MAP_STACK, -1, 0 <unfinished ...>
1314543 epoll_pwait(10 <unfinished ...>
1314542 <... mmap resumed>)             = 0x7f161f7ff000
1314542 madvise(0x7f161f7ff000, 4096, MADV_GUARD_INSTALL) = 0
1314542 rt_sigprocmask(SIG_BLOCK, ~[], [USR1], 8) = 0
1314542 clone3({flags=CLONE_VM|CLONE_FS|CLONE_FILES|CLONE_SIGHAND|CLONE_THREAD|CLONE_SYSVSEM|CLONE_SETTLS|CLONE_PARENT_SETTID|CLONE_CHILD_CLEARTID, child_tid=0x7f161ffff990, parent_tid=0x7f161ffff990, exit_signal=0, stack=0x7f161f7ff000, stack_size=0x7ffe00, tls=0x7f161ffff6c0} => {parent_tid=[1314544]}, 88) = 1314544
1314542 rt_sigprocmask(SIG_SETMASK, [USR1] <unfinished ...>
1314544 rseq(0x7f161ffff4a0, 0x20, 0, 0x53053053 <unfinished ...>
1314542 <... rt_sigprocmask resumed>, NULL, 8) = 0
1314544 <... rseq resumed>)             = 0
1314542 prlimit64(0, RLIMIT_STACK, NULL <unfinished ...>
1314544 set_robust_list(0x7f161ffff9a0, 24 <unfinished ...>
1314542 <... prlimit64 resumed>, {rlim_cur=8192*1024, rlim_max=RLIM64_INFINITY}) = 0
1314544 <... set_robust_list resumed>)  = 0
1314542 mmap(NULL, 8392704, PROT_READ|PROT_WRITE, MAP_PRIVATE|MAP_ANONYMOUS|MAP_STACK, -1, 0) = 0x7f161effe000
1314544 rt_sigprocmask(SIG_SETMASK, [USR1] <unfinished ...>
1314542 madvise(0x7f161effe000, 4096, MADV_GUARD_INSTALL <unfinished ...>
1314544 <... rt_sigprocmask resumed>, NULL, 8) = 0
1314542 <... madvise resumed>)          = 0
1314542 rt_sigprocmask(SIG_BLOCK, ~[] <unfinished ...>
1314544 prctl(PR_SET_NAME, "V8Worker" <unfinished ...>
1314542 <... rt_sigprocmask resumed>, [USR1], 8) = 0
1314544 <... prctl resumed>)            = 0
1314542 clone3({flags=CLONE_VM|CLONE_FS|CLONE_FILES|CLONE_SIGHAND|CLONE_THREAD|CLONE_SYSVSEM|CLONE_SETTLS|CLONE_PARENT_SETTID|CLONE_CHILD_CLEARTID, child_tid=0x7f161f7fe990, parent_tid=0x7f161f7fe990, exit_signal=0, stack=0x7f161effe000, stack_size=0x7ffe00, tls=0x7f161f7fe6c0} <unfinished ...>
1314544 futex(0x7ffcbd852b70, FUTEX_WAIT_PRIVATE, 2, NULL <unfinished ...>
1314542 <... clone3 resumed> => {parent_tid=[1314545]}, 88) = 1314545
1314545 rseq(0x7f161f7fe4a0, 0x20, 0, 0x53053053 <unfinished ...>
1314542 rt_sigprocmask(SIG_SETMASK, [USR1] <unfinished ...>
1314545 <... rseq resumed>)             = 0
1314542 <... rt_sigprocmask resumed>, NULL, 8) = 0
1314545 set_robust_list(0x7f161f7fe9a0, 24 <unfinished ...>
1314542 prlimit64(0, RLIMIT_STACK, NULL <unfinished ...>
1314545 <... set_robust_list resumed>)  = 0
1314542 <... prlimit64 resumed>, {rlim_cur=8192*1024, rlim_max=RLIM64_INFINITY}) = 0
1314545 rt_sigprocmask(SIG_SETMASK, [USR1] <unfinished ...>
1314542 mmap(NULL, 8392704, PROT_READ|PROT_WRITE, MAP_PRIVATE|MAP_ANONYMOUS|MAP_STACK, -1, 0 <unfinished ...>
1314545 <... rt_sigprocmask resumed>, NULL, 8) = 0
1314542 <... mmap resumed>)             = 0x7f161e7fd000
1314545 prctl(PR_SET_NAME, "V8Worker" <unfinished ...>
1314542 madvise(0x7f161e7fd000, 4096, MADV_GUARD_INSTALL <unfinished ...>
1314545 <... prctl resumed>)            = 0
1314542 <... madvise resumed>)          = 0
1314545 futex(0x7ffcbd852b70, FUTEX_WAIT_PRIVATE, 2, NULL <unfinished ...>
1314542 rt_sigprocmask(SIG_BLOCK, ~[], [USR1], 8) = 0
1314542 clone3({flags=CLONE_VM|CLONE_FS|CLONE_FILES|CLONE_SIGHAND|CLONE_THREAD|CLONE_SYSVSEM|CLONE_SETTLS|CLONE_PARENT_SETTID|CLONE_CHILD_CLEARTID, child_tid=0x7f161effd990, parent_tid=0x7f161effd990, exit_signal=0, stack=0x7f161e7fd000, stack_size=0x7ffe00, tls=0x7f161effd6c0} <unfinished ...>
1314546 rseq(0x7f161effd4a0, 0x20, 0, 0x53053053 <unfinished ...>
1314542 <... clone3 resumed> => {parent_tid=[1314546]}, 88) = 1314546
1314546 <... rseq resumed>)             = 0
1314542 rt_sigprocmask(SIG_SETMASK, [USR1] <unfinished ...>
1314546 set_robust_list(0x7f161effd9a0, 24 <unfinished ...>
1314542 <... rt_sigprocmask resumed>, NULL, 8) = 0
1314546 <... set_robust_list resumed>)  = 0
1314542 prlimit64(0, RLIMIT_STACK, NULL <unfinished ...>
1314546 rt_sigprocmask(SIG_SETMASK, [USR1] <unfinished ...>
1314542 <... prlimit64 resumed>, {rlim_cur=8192*1024, rlim_max=RLIM64_INFINITY}) = 0
1314546 <... rt_sigprocmask resumed>, NULL, 8) = 0
1314546 prctl(PR_SET_NAME, "V8Worker")  = 0
1314546 futex(0x7ffcbd852b70, FUTEX_WAIT_PRIVATE, 2, NULL <unfinished ...>
1314542 mmap(NULL, 8392704, PROT_READ|PROT_WRITE, MAP_PRIVATE|MAP_ANONYMOUS|MAP_STACK, -1, 0) = 0x7f161dffc000
1314542 madvise(0x7f161dffc000, 4096, MADV_GUARD_INSTALL) = 0
1314542 rt_sigprocmask(SIG_BLOCK, ~[], [USR1], 8) = 0
1314542 clone3({flags=CLONE_VM|CLONE_FS|CLONE_FILES|CLONE_SIGHAND|CLONE_THREAD|CLONE_SYSVSEM|CLONE_SETTLS|CLONE_PARENT_SETTID|CLONE_CHILD_CLEARTID, child_tid=0x7f161e7fc990, parent_tid=0x7f161e7fc990, exit_signal=0, stack=0x7f161dffc000, stack_size=0x7ffe00, tls=0x7f161e7fc6c0} => {parent_tid=[1314547]}, 88) = 1314547
1314542 rt_sigprocmask(SIG_SETMASK, [USR1] <unfinished ...>
1314547 rseq(0x7f161e7fc4a0, 0x20, 0, 0x53053053 <unfinished ...>
1314542 <... rt_sigprocmask resumed>, NULL, 8) = 0
1314547 <... rseq resumed>)             = 0
1314542 futex(0x7ffcbd852b70, FUTEX_WAKE_PRIVATE, 1 <unfinished ...>
1314547 set_robust_list(0x7f161e7fc9a0, 24 <unfinished ...>
1314542 <... futex resumed>)            = 1
1314547 <... set_robust_list resumed>)  = 0
1314544 <... futex resumed>)            = 0
1314542 futex(0x7ffcbd852bc0, FUTEX_WAIT_BITSET_PRIVATE|FUTEX_CLOCK_REALTIME, 0, NULL, FUTEX_BITSET_MATCH_ANY <unfinished ...>
1314547 rt_sigprocmask(SIG_SETMASK, [USR1] <unfinished ...>
1314542 <... futex resumed>)            = -1 EAGAIN (Resource temporarily unavailable)
1314547 <... rt_sigprocmask resumed>, NULL, 8) = 0
1314544 futex(0x7ffcbd852bc0, FUTEX_WAKE_PRIVATE, 1 <unfinished ...>
1314542 futex(0x7ffcbd852b70, FUTEX_WAIT_PRIVATE, 2, NULL <unfinished ...>
1314547 prctl(PR_SET_NAME, "V8Worker")  = 0
1314544 <... futex resumed>)            = 0
1314547 futex(0x7ffcbd852b70, FUTEX_WAIT_PRIVATE, 2, NULL <unfinished ...>
1314544 futex(0x7ffcbd852b70, FUTEX_WAKE_PRIVATE, 1 <unfinished ...>
1314545 <... futex resumed>)            = 0
1314544 <... futex resumed>)            = 1
1314545 futex(0x7ffcbd852b70, FUTEX_WAKE_PRIVATE, 1 <unfinished ...>
1314544 futex(0x560d992d2388, FUTEX_WAIT_BITSET_PRIVATE|FUTEX_CLOCK_REALTIME, 0, NULL, FUTEX_BITSET_MATCH_ANY <unfinished ...>
1314545 <... futex resumed>)            = 1
1314546 <... futex resumed>)            = 0
1314545 futex(0x560d992d2388, FUTEX_WAIT_BITSET_PRIVATE|FUTEX_CLOCK_REALTIME, 0, NULL, FUTEX_BITSET_MATCH_ANY <unfinished ...>
1314546 futex(0x7ffcbd852b70, FUTEX_WAKE_PRIVATE, 1 <unfinished ...>
1314542 <... futex resumed>)            = 0
1314546 <... futex resumed>)            = 1
1314542 futex(0x7ffcbd852b70, FUTEX_WAKE_PRIVATE, 1 <unfinished ...>
1314546 futex(0x560d992d2388, FUTEX_WAIT_BITSET_PRIVATE|FUTEX_CLOCK_REALTIME, 0, NULL, FUTEX_BITSET_MATCH_ANY <unfinished ...>
1314542 <... futex resumed>)            = 1
1314547 <... futex resumed>)            = 0
1314542 futex(0x7ffcbd852bc4, FUTEX_WAIT_BITSET_PRIVATE|FUTEX_CLOCK_REALTIME, 0, NULL, FUTEX_BITSET_MATCH_ANY <unfinished ...>
1314547 futex(0x7ffcbd852bc4, FUTEX_WAKE_PRIVATE, 1 <unfinished ...>
1314542 <... futex resumed>)            = -1 EAGAIN (Resource temporarily unavailable)
1314542 futex(0x7ffcbd852b70, FUTEX_WAIT_PRIVATE, 2, NULL <unfinished ...>
1314547 <... futex resumed>)            = 0
1314547 futex(0x7ffcbd852b70, FUTEX_WAKE_PRIVATE, 1 <unfinished ...>
1314542 <... futex resumed>)            = 0
1314547 <... futex resumed>)            = 1
1314542 futex(0x7ffcbd852b70, FUTEX_WAKE_PRIVATE, 1 <unfinished ...>
1314547 futex(0x560d992d2388, FUTEX_WAIT_BITSET_PRIVATE|FUTEX_CLOCK_REALTIME, 0, NULL, FUTEX_BITSET_MATCH_ANY <unfinished ...>
1314542 <... futex resumed>)            = 0
1314542 mmap(NULL, 524288, PROT_NONE, MAP_PRIVATE|MAP_ANONYMOUS|MAP_NORESERVE, -1, 0) = 0x7f162459b000
1314542 madvise(0x7f162459b000, 524288, MADV_DONTFORK) = 0
1314542 mprotect(0x7f162459b000, 16384, PROT_READ|PROT_WRITE) = 0
1314542 futex(0x7f16273196c8, FUTEX_WAKE_PRIVATE, 2147483647) = 0
1314542 brk(0x560d992f7000)             = 0x560d992f7000
1314542 mmap(NULL, 268496896, PROT_NONE, MAP_PRIVATE|MAP_ANONYMOUS|MAP_NORESERVE, -1, 0) = 0x7f160dfed000
1314542 madvise(0x7f160dfed000, 268496896, MADV_DONTFORK) = 0
1314542 munmap(0x7f160dfed000, 12288)   = 0
1314542 munmap(0x7f161dff0000, 49152)   = 0
1314542 getpid()                        = 1314542
1314542 getpid()                        = 1314542
1314542 mprotect(0x7f160dff0000, 65536, PROT_READ) = 0
1314542 getpid()                        = 1314542
1314542 mmap(NULL, 134279168, PROT_NONE, MAP_PRIVATE|MAP_ANONYMOUS|MAP_NORESERVE, -1, 0) = 0x7f1605fe1000
1314542 madvise(0x7f1605fe1000, 134279168, MADV_DONTFORK) = 0
1314542 munmap(0x7f1605fe1000, 61440)   = 0
1314542 getpid()                        = 1314542
1314542 rt_sigaction(SIGSEGV, {sa_handler=0x560d961d4f90, sa_mask=[], sa_flags=SA_RESTORER|SA_SIGINFO, sa_restorer=0x7f1626e1b380}, NULL, 8) = 0
1314542 epoll_create1(EPOLL_CLOEXEC)    = 15
1314542 io_uring_setup(256, {flags=IORING_SETUP_NO_SQARRAY, sq_thread_cpu=0, sq_thread_idle=0, sq_entries=256, cq_entries=512, features=IORING_FEAT_SINGLE_MMAP|IORING_FEAT_NODROP|IORING_FEAT_SUBMIT_STABLE|IORING_FEAT_RW_CUR_POS|IORING_FEAT_CUR_PERSONALITY|IORING_FEAT_FAST_POLL|IORING_FEAT_POLL_32BITS|IORING_FEAT_SQPOLL_NONFIXED|IORING_FEAT_EXT_ARG|IORING_FEAT_NATIVE_WORKERS|IORING_FEAT_RSRC_TAGS|IORING_FEAT_CQE_SKIP|IORING_FEAT_LINKED_FILE|IORING_FEAT_REG_REG_RING|IORING_FEAT_RECVSEND_BUNDLE|IORING_FEAT_MIN_TIMEOUT|IORING_FEAT_RW_ATTR|IORING_FEAT_NO_IOWAIT, sq_off={head=0, tail=4, ring_mask=16, ring_entries=24, flags=36, dropped=32, array=0, user_addr=0}, cq_off={head=8, tail=12, ring_mask=20, ring_entries=28, overflow=44, cqes=64, flags=40, user_addr=0}}) = 16
1314542 mmap(NULL, 8256, PROT_READ|PROT_WRITE, MAP_SHARED|MAP_POPULATE, 16, 0) = 0x7f1624598000
1314542 mmap(NULL, 16384, PROT_READ|PROT_WRITE, MAP_SHARED|MAP_POPULATE, 16, 0x10000000) = 0x7f1624594000
1314542 pipe2([17, 18], O_NONBLOCK|O_CLOEXEC) = 0
1314542 eventfd2(0, EFD_CLOEXEC|EFD_NONBLOCK) = 19
1314542 brk(0x560d99318000)             = 0x560d99318000
1314542 gettid()                        = 1314542
1314542 openat(AT_FDCWD, "/proc/self/maps", O_RDONLY|O_CLOEXEC) = 20
1314542 prlimit64(0, RLIMIT_STACK, NULL, {rlim_cur=8192*1024, rlim_max=RLIM64_INFINITY}) = 0
1314542 fstat(20, {st_mode=S_IFREG|0444, st_size=0, ...}) = 0
1314542 read(20, "560d95600000-560d960a8000 r--p 0"..., 1024) = 1024
1314542 read(20, "0:0c 3688671                    "..., 1024) = 1024
1314542 read(20, "00 rw-p 00000000 00:00 0 \n7f1626"..., 1024) = 1024
1314542 read(20, "/lib64/libc.so.6\n7f1626faa000-7f"..., 1024) = 1024
1314542 read(20, "            /usr/lib64/libm.so.6"..., 1024) = 1024
1314542 read(20, "f1627475000-7f162750a000 r--p 00"..., 1024) = 1024
1314542 read(20, "7f1627906000 r-xp 00014000 103:0"..., 1024) = 1024
1314542 read(20, "27e99000-7f1627fd9000 r-xp 0000a"..., 1024) = 1024
1314542 read(20, "p 00000000 103:02 7087487       "..., 1024) = 1024
1314542 read(20, "d000-7f162812e000 r--p 00000000 "..., 1024) = 1024
1314542 read(20, "lib64/libsimdjson.so.26.0.0\n7f16"..., 1024) = 1024
1314542 read(20, "0-7f16281c5000 rw-s 10000000 00:"..., 1024) = 1024
1314542 read(20, "0 rw-p 00000000 00:00 0 \n7ffcbd8"..., 1024) = 190
1314542 lseek(20, 0, SEEK_CUR)          = 12478
1314542 lseek(20, 12394, SEEK_SET)      = 12394
1314542 close(20)                       = 0
1314542 sched_getaffinity(1314542, 32, [0 1 2 3 4 5 6 7]) = 8
1314542 openat(AT_FDCWD, "/proc/self/cgroup", O_RDONLY|O_CLOEXEC) = 20
1314542 read(20, "0::/user.slice/user-1000.slice/s"..., 1023) = 48
1314542 close(20)                       = 0
1314542 openat(AT_FDCWD, "/sys/fs/cgroup/user.slice/user-1000.slice/session-c2.scope/memory.max", O_RDONLY|O_CLOEXEC) = -1 ENOENT (No such file or directory)
1314542 openat(AT_FDCWD, "/sys/fs/cgroup/user.slice/user-1000.slice/session-c2.scope/memory.high", O_RDONLY|O_CLOEXEC) = -1 ENOENT (No such file or directory)
1314542 openat(AT_FDCWD, "/proc/meminfo", O_RDONLY|O_CLOEXEC) = 20
1314542 read(20, "MemTotal:       40827784 kB\nMemF"..., 4095) = 1151
1314542 close(20)                       = 0
1314542 brk(0x560d9933d000)             = 0x560d9933d000
1314542 getpid()                        = 1314542
1314542 brk(0x560d99368000)             = 0x560d99368000
1314542 mmap(0x560d966e5000, 536870912, PROT_NONE, MAP_PRIVATE|MAP_ANONYMOUS|MAP_NORESERVE, -1, 0) = 0x7f15e5ff0000
1314542 madvise(0x7f15e5ff0000, 536870912, MADV_DONTFORK) = 0
1314542 mprotect(0x7f15e6000000, 536608768, PROT_READ|PROT_WRITE|PROT_EXEC) = 0
1314542 madvise(0x7f15e6000000, 536608768, MADV_DONTNEED) = 0
1314542 openat(AT_FDCWD, "/proc/self/maps", O_RDONLY) = 20
1314542 fstat(20, {st_mode=S_IFREG|0444, st_size=0, ...}) = 0
1314542 read(20, "560d95600000-560d960a8000 r--p 0"..., 1024) = 1024
1314542 lseek(20, 0, SEEK_CUR)          = 1024
1314542 lseek(20, 261, SEEK_SET)        = 261
1314542 close(20)                       = 0
1314542 openat(AT_FDCWD, "/usr/bin/node", O_RDONLY) = 20
1314542 fstat(20, {st_mode=S_IFREG|0755, st_size=62844528, ...}) = 0
1314542 mmap(0x7f1605d80000, 2117632, PROT_READ|PROT_EXEC, MAP_PRIVATE|MAP_FIXED, 20, 0x1bbc000) = 0x7f1605d80000
1314542 close(20)                       = 0
1314542 mmap(0x101693780000, 520192, PROT_READ|PROT_WRITE, MAP_PRIVATE|MAP_ANONYMOUS, -1, 0) = 0x101693780000
1314542 madvise(0x101693780000, 520192, MADV_DONTFORK) = 0
1314542 munmap(0x1016937c0000, 258048)  = 0
1314542 munmap(0x10169379e000, 139264)  = 0
1314542 getpid()                        = 1314542
1314542 mprotect(0x101693780000, 122880, PROT_READ) = 0
1314542 mmap(0x31c7136c0000, 520192, PROT_READ|PROT_WRITE, MAP_PRIVATE|MAP_ANONYMOUS, -1, 0) = 0x31c7136c0000
1314542 madvise(0x31c7136c0000, 520192, MADV_DONTFORK) = 0
1314542 munmap(0x31c713700000, 258048)  = 0
1314542 mmap(0x3b05242c0000, 520192, PROT_READ|PROT_WRITE, MAP_PRIVATE|MAP_ANONYMOUS, -1, 0) = 0x3b05242c0000
1314542 madvise(0x3b05242c0000, 520192, MADV_DONTFORK) = 0
1314542 munmap(0x3b0524300000, 258048)  = 0
1314542 mmap(0x370e4cc0000, 520192, PROT_READ|PROT_WRITE, MAP_PRIVATE|MAP_ANONYMOUS, -1, 0) = 0x370e4cc0000
1314542 madvise(0x370e4cc0000, 520192, MADV_DONTFORK) = 0
1314542 munmap(0x370e4d00000, 258048)   = 0
1314542 mmap(0xf5652740000, 520192, PROT_READ|PROT_WRITE, MAP_PRIVATE|MAP_ANONYMOUS, -1, 0) = 0xf5652740000
1314542 madvise(0xf5652740000, 520192, MADV_DONTFORK) = 0
1314542 munmap(0xf5652780000, 258048)   = 0
1314542 getpid()                        = 1314542
1314542 mmap(0x3e3e2c80000, 520192, PROT_READ|PROT_WRITE, MAP_PRIVATE|MAP_ANONYMOUS, -1, 0) = 0x3e3e2c80000
1314542 madvise(0x3e3e2c80000, 520192, MADV_DONTFORK) = 0
1314542 munmap(0x3e3e2cc0000, 258048)   = 0
1314542 brk(0x560d9938a000)             = 0x560d9938a000
1314542 brk(0x560d993ae000)             = 0x560d993ae000
1314542 mmap(NULL, 135168, PROT_READ|PROT_WRITE, MAP_PRIVATE|MAP_ANONYMOUS, -1, 0) = 0x7f1624573000
1314542 mmap(0xb3d69900000, 520192, PROT_READ|PROT_WRITE, MAP_PRIVATE|MAP_ANONYMOUS, -1, 0) = 0xb3d69900000
1314542 madvise(0xb3d69900000, 520192, MADV_DONTFORK) = 0
1314542 munmap(0xb3d69940000, 258048)   = 0
1314542 mmap(0x246830b80000, 524288, PROT_READ|PROT_WRITE, MAP_PRIVATE|MAP_ANONYMOUS, -1, 0) = 0x246830b80000
1314542 madvise(0x246830b80000, 524288, MADV_DONTFORK) = 0
1314542 munmap(0x246830bc1000, 258048)  = 0
1314542 mmap(0x1586f5f80000, 520192, PROT_READ|PROT_WRITE, MAP_PRIVATE|MAP_ANONYMOUS, -1, 0) = 0x1586f5f80000
1314542 madvise(0x1586f5f80000, 520192, MADV_DONTFORK) = 0
1314542 munmap(0x1586f5fc0000, 258048)  = 0
1314542 mmap(0x8e093ec0000, 520192, PROT_READ|PROT_WRITE, MAP_PRIVATE|MAP_ANONYMOUS, -1, 0) = 0x8e093ec0000
1314542 madvise(0x8e093ec0000, 520192, MADV_DONTFORK) = 0
1314542 munmap(0x8e093f00000, 258048)   = 0
1314542 mmap(0x215aa6300000, 520192, PROT_READ|PROT_WRITE, MAP_PRIVATE|MAP_ANONYMOUS, -1, 0) = 0x215aa6300000
1314542 madvise(0x215aa6300000, 520192, MADV_DONTFORK) = 0
1314542 munmap(0x215aa6340000, 258048)  = 0
1314542 mmap(NULL, 135168, PROT_READ|PROT_WRITE, MAP_PRIVATE|MAP_ANONYMOUS, -1, 0) = 0x7f1624552000
1314542 mmap(0xa7987740000, 520192, PROT_READ|PROT_WRITE, MAP_PRIVATE|MAP_ANONYMOUS, -1, 0) = 0xa7987740000
1314542 madvise(0xa7987740000, 520192, MADV_DONTFORK) = 0
1314542 munmap(0xa7987780000, 258048)   = 0
1314542 mmap(0x9c407740000, 520192, PROT_READ|PROT_WRITE, MAP_PRIVATE|MAP_ANONYMOUS, -1, 0) = 0x9c407740000
1314542 madvise(0x9c407740000, 520192, MADV_DONTFORK) = 0
1314542 munmap(0x9c407780000, 258048)   = 0
1314542 mmap(NULL, 266240, PROT_READ|PROT_WRITE, MAP_PRIVATE|MAP_ANONYMOUS, -1, 0) = 0x7f1624511000
1314542 munmap(0x7f1624552000, 135168)  = 0
1314542 brk(0x560d993cf000)             = 0x560d993cf000
1314542 mmap(0x126808680000, 520192, PROT_READ|PROT_WRITE, MAP_PRIVATE|MAP_ANONYMOUS, -1, 0) = 0x126808680000
1314542 madvise(0x126808680000, 520192, MADV_DONTFORK) = 0
1314542 munmap(0x1268086c0000, 258048)  = 0
1314542 mmap(0x114a42600000, 520192, PROT_READ|PROT_WRITE, MAP_PRIVATE|MAP_ANONYMOUS, -1, 0) = 0x114a42600000
1314542 madvise(0x114a42600000, 520192, MADV_DONTFORK) = 0
1314542 munmap(0x114a42640000, 258048)  = 0
1314542 brk(0x560d993f6000)             = 0x560d993f6000
1314542 munmap(0x7f1624511000, 266240)  = 0
1314542 mprotect(0x7f160e000000, 65536, PROT_READ|PROT_WRITE) = 0
1314542 munmap(0x114a42608000, 229376)  = 0
1314542 munmap(0x126808686000, 237568)  = 0
1314542 readlink("/proc/self/exe", "/usr/bin/node", 8191) = 13
1314542 getpid()                        = 1314542
1314542 capget({version=_LINUX_CAPABILITY_VERSION_3, pid=1314542}, {effective=0, permitted=0, inheritable=1<<CAP_WAKE_ALARM}) = 0
1314542 getuid()                        = 1000
1314542 geteuid()                       = 1000
1314542 getgid()                        = 1000
1314542 getegid()                       = 1000
1314542 mmap(0x17d325900000, 520192, PROT_READ|PROT_WRITE, MAP_PRIVATE|MAP_ANONYMOUS, -1, 0) = 0x17d325900000
1314542 madvise(0x17d325900000, 520192, MADV_DONTFORK) = 0
1314542 munmap(0x17d325940000, 258048)  = 0
1314542 mprotect(0x7f160e010000, 65536, PROT_READ|PROT_WRITE) = 0
1314542 mmap(0x369496bc0000, 520192, PROT_READ|PROT_WRITE, MAP_PRIVATE|MAP_ANONYMOUS, -1, 0) = 0x369496bc0000
1314542 madvise(0x369496bc0000, 520192, MADV_DONTFORK) = 0
1314542 munmap(0x369496c00000, 258048)  = 0
1314542 mmap(0x5f764d40000, 520192, PROT_READ|PROT_WRITE, MAP_PRIVATE|MAP_ANONYMOUS, -1, 0) = 0x5f764d40000
1314542 madvise(0x5f764d40000, 520192, MADV_DONTFORK) = 0
1314542 munmap(0x5f764d80000, 258048)   = 0
1314542 mmap(0x11f044b40000, 520192, PROT_READ|PROT_WRITE, MAP_PRIVATE|MAP_ANONYMOUS, -1, 0) = 0x11f044b40000
1314542 madvise(0x11f044b40000, 520192, MADV_DONTFORK) = 0
1314542 munmap(0x11f044b80000, 258048)  = 0
1314542 brk(0x560d99426000)             = 0x560d99426000
1314542 mmap(0x336601780000, 520192, PROT_READ|PROT_WRITE, MAP_PRIVATE|MAP_ANONYMOUS, -1, 0) = 0x336601780000
1314542 madvise(0x336601780000, 520192, MADV_DONTFORK) = 0
1314542 munmap(0x3366017c0000, 258048)  = 0
1314542 mmap(0x86045180000, 520192, PROT_READ|PROT_WRITE, MAP_PRIVATE|MAP_ANONYMOUS, -1, 0) = 0x86045180000
1314542 madvise(0x86045180000, 520192, MADV_DONTFORK) = 0
1314542 munmap(0x860451c0000, 258048)   = 0
1314542 mmap(0x3c79da540000, 520192, PROT_READ|PROT_WRITE, MAP_PRIVATE|MAP_ANONYMOUS, -1, 0) = 0x3c79da540000
1314542 madvise(0x3c79da540000, 520192, MADV_DONTFORK) = 0
1314542 munmap(0x3c79da580000, 258048)  = 0
1314542 getpid()                        = 1314542
1314542 futex(0x7f16281a46a8, FUTEX_WAKE_PRIVATE, 2147483647) = 0
1314542 rt_sigprocmask(SIG_SETMASK, ~[RTMIN RT_1], [USR1], 8) = 0
1314542 mmap(NULL, 36864, PROT_READ|PROT_WRITE, MAP_PRIVATE|MAP_ANONYMOUS|MAP_STACK, -1, 0) = 0x7f162456a000
1314542 madvise(0x7f162456a000, 4096, MADV_GUARD_INSTALL) = 0
1314542 rt_sigprocmask(SIG_BLOCK, ~[], ~[KILL STOP RTMIN RT_1], 8) = 0
1314542 clone3({flags=CLONE_VM|CLONE_FS|CLONE_FILES|CLONE_SIGHAND|CLONE_THREAD|CLONE_SYSVSEM|CLONE_SETTLS|CLONE_PARENT_SETTID|CLONE_CHILD_CLEARTID, child_tid=0x7f1624572990, parent_tid=0x7f1624572990, exit_signal=0, stack=0x7f162456a000, stack_size=0x7e00, tls=0x7f16245726c0} => {parent_tid=[1314548]}, 88) = 1314548
1314548 rseq(0x7f16245724a0, 0x20, 0, 0x53053053 <unfinished ...>
1314542 rt_sigprocmask(SIG_SETMASK, ~[KILL STOP RTMIN RT_1] <unfinished ...>
1314548 <... rseq resumed>)             = 0
1314542 <... rt_sigprocmask resumed>, NULL, 8) = 0
1314548 set_robust_list(0x7f16245729a0, 24 <unfinished ...>
1314542 rt_sigaction(SIGUSR1, {sa_handler=0x560d9640f1e0, sa_mask=~[RTMIN RT_1], sa_flags=SA_RESTORER, sa_restorer=0x7f1626e1b380} <unfinished ...>
1314548 <... set_robust_list resumed>)  = 0
1314542 <... rt_sigaction resumed>, NULL, 8) = 0
1314548 rt_sigprocmask(SIG_SETMASK, ~[KILL STOP RTMIN RT_1] <unfinished ...>
1314542 rt_sigprocmask(SIG_SETMASK, [USR1] <unfinished ...>
1314548 <... rt_sigprocmask resumed>, NULL, 8) = 0
1314542 <... rt_sigprocmask resumed>, NULL, 8) = 0
1314548 prctl(PR_SET_NAME, "SignalInspector"... <unfinished ...>
1314542 rt_sigprocmask(SIG_UNBLOCK, [USR1] <unfinished ...>
1314548 <... prctl resumed>)            = 0
1314542 <... rt_sigprocmask resumed>, NULL, 8) = 0
1314548 futex(0x560d991f9720, FUTEX_WAIT_BITSET_PRIVATE|FUTEX_CLOCK_REALTIME, 0, NULL, FUTEX_BITSET_MATCH_ANY <unfinished ...>
1314542 futex(0x7f1627945744, FUTEX_WAKE_PRIVATE, 2147483647) = 0
1314542 futex(0x7f1627e8ba1c, FUTEX_WAKE_PRIVATE, 2147483647) = 0
1314542 futex(0x7f1627e8c17c, FUTEX_WAKE_PRIVATE, 2147483647) = 0
1314542 futex(0x7f1627e8c174, FUTEX_WAKE_PRIVATE, 2147483647) = 0
1314542 futex(0x560d991f98a8, FUTEX_WAKE_PRIVATE, 2147483647) = 0
1314542 getpid()                        = 1314542
1314542 capget({version=_LINUX_CAPABILITY_VERSION_3, pid=1314542}, {effective=0, permitted=0, inheritable=1<<CAP_WAKE_ALARM}) = 0
1314542 getuid()                        = 1000
1314542 geteuid()                       = 1000
1314542 getgid()                        = 1000
1314542 getegid()                       = 1000
1314542 getpid()                        = 1314542
1314542 getcwd("/home/rayit/Dev/codefolio", 4096) = 26
1314542 futex(0x560d992d2388, FUTEX_WAKE_PRIVATE, 1) = 1
1314544 <... futex resumed>)            = 0
1314544 futex(0x560d992d2340, FUTEX_WAKE_PRIVATE, 1) = 0
1314544 mmap(NULL, 134217728, PROT_NONE, MAP_PRIVATE|MAP_ANONYMOUS, -1, 0) = 0x7f15ddff0000
1314544 munmap(0x7f15ddff0000, 33619968) = 0
1314544 munmap(0x7f15e4000000, 33488896) = 0
1314544 mprotect(0x7f15e0000000, 135168, PROT_READ|PROT_WRITE) = 0
1314544 gettid()                        = 1314544
1314544 mmap(0x1c85f12c0000, 520192, PROT_READ|PROT_WRITE, MAP_PRIVATE|MAP_ANONYMOUS, -1, 0) = 0x1c85f12c0000
1314544 madvise(0x1c85f12c0000, 520192, MADV_DONTFORK) = 0
1314544 munmap(0x1c85f1300000, 258048)  = 0
1314542 getpid( <unfinished ...>
1314544 futex(0x560d992d238c, FUTEX_WAIT_BITSET_PRIVATE|FUTEX_CLOCK_REALTIME, 0, NULL, FUTEX_BITSET_MATCH_ANY <unfinished ...>
1314542 <... getpid resumed>)           = 1314542
1314542 capget({version=_LINUX_CAPABILITY_VERSION_3, pid=1314542}, {effective=0, permitted=0, inheritable=1<<CAP_WAKE_ALARM}) = 0
1314542 getuid()                        = 1000
1314542 geteuid()                       = 1000
1314542 getgid()                        = 1000
1314542 getegid()                       = 1000
1314542 getpid()                        = 1314542
1314542 capget({version=_LINUX_CAPABILITY_VERSION_3, pid=1314542}, {effective=0, permitted=0, inheritable=1<<CAP_WAKE_ALARM}) = 0
1314542 getuid()                        = 1000
1314542 geteuid()                       = 1000
1314542 getgid()                        = 1000
1314542 getegid()                       = 1000
1314542 statx(AT_FDCWD, "/home/rayit/Dev/codefolio/tmp.js", AT_STATX_SYNC_AS_STAT, STATX_ALL, {stx_mask=STATX_ALL|STATX_MNT_ID, stx_attributes=0, stx_mode=S_IFREG|0644, stx_size=223, ...}) = 0
1314542 statx(AT_FDCWD, "/home", AT_STATX_SYNC_AS_STAT|AT_SYMLINK_NOFOLLOW, STATX_ALL, {stx_mask=STATX_ALL|STATX_MNT_ID, stx_attributes=0, stx_mode=S_IFDIR|0755, stx_size=4096, ...}) = 0
1314542 statx(AT_FDCWD, "/home/rayit", AT_STATX_SYNC_AS_STAT|AT_SYMLINK_NOFOLLOW, STATX_ALL, {stx_mask=STATX_ALL|STATX_MNT_ID, stx_attributes=0, stx_mode=S_IFDIR|0755, stx_size=4096, ...}) = 0
1314542 statx(AT_FDCWD, "/home/rayit/Dev", AT_STATX_SYNC_AS_STAT|AT_SYMLINK_NOFOLLOW, STATX_ALL, {stx_mask=STATX_ALL|STATX_MNT_ID, stx_attributes=0, stx_mode=S_IFDIR|0755, stx_size=4096, ...}) = 0
1314542 statx(AT_FDCWD, "/home/rayit/Dev/codefolio", AT_STATX_SYNC_AS_STAT|AT_SYMLINK_NOFOLLOW, STATX_ALL, {stx_mask=STATX_ALL|STATX_MNT_ID, stx_attributes=0, stx_mode=S_IFDIR|0755, stx_size=4096, ...}) = 0
1314542 statx(AT_FDCWD, "/home/rayit/Dev/codefolio/tmp.js", AT_STATX_SYNC_AS_STAT|AT_SYMLINK_NOFOLLOW, STATX_ALL, {stx_mask=STATX_ALL|STATX_MNT_ID, stx_attributes=0, stx_mode=S_IFREG|0644, stx_size=223, ...}) = 0
1314542 futex(0x560d992d2388, FUTEX_WAKE_PRIVATE, 1) = 1
1314545 <... futex resumed>)            = 0
1314545 futex(0x560d992d2340, FUTEX_WAKE_PRIVATE, 1 <unfinished ...>
1314542 openat(AT_FDCWD, "/home/rayit/Dev/codefolio/package.json", O_RDONLY|O_CLOEXEC) = 20
1314542 pread64(20, "{\n  \"name\": \"rateit\",\n  \"version"..., 4096, 0) = 1265
1314542 pread64(20, "", 4096, 1265)     = 0
1314542 close(20)                       = 0
1314545 <... futex resumed>)            = 0
1314545 mmap(NULL, 134217728, PROT_NONE, MAP_PRIVATE|MAP_ANONYMOUS, -1, 0 <unfinished ...>
1314542 openat(AT_FDCWD, "/home/rayit/Dev/codefolio/tmp.js", O_RDONLY|O_CLOEXEC <unfinished ...>
1314545 <... mmap resumed>)             = 0x7f15d8000000
1314542 <... openat resumed>)           = 20
1314545 munmap(0x7f15dc000000, 67108864 <unfinished ...>
1314542 read(20 <unfinished ...>
1314545 <... munmap resumed>)           = 0
1314542 <... read resumed>, "const readline = require(\"readli"..., 8192) = 223
1314545 mprotect(0x7f15d8000000, 135168, PROT_READ|PROT_WRITE <unfinished ...>
1314542 read(20 <unfinished ...>
1314545 <... mprotect resumed>)         = 0
1314542 <... read resumed>, "", 8192)   = 0
1314545 gettid( <unfinished ...>
1314542 close(20 <unfinished ...>
1314545 <... gettid resumed>)           = 1314545
1314542 <... close resumed>)            = 0
1314545 futex(0x560d992d238c, FUTEX_WAIT_BITSET_PRIVATE|FUTEX_CLOCK_REALTIME, 0, NULL, FUTEX_BITSET_MATCH_ANY <unfinished ...>
1314542 uname({sysname="Linux", nodename="rayitl1", ...}) = 0
1314542 ioctl(0, TCGETS2, {c_iflag=BRKINT|ICRNL|IXON|IXANY|IMAXBEL|IUTF8, c_oflag=NL0|CR0|TAB0|BS0|VT0|FF0|OPOST|ONLCR, c_cflag=B38400|B38400<<IBSHIFT|CS8|CREAD|HUPCL, c_lflag=ISIG|ICANON|ECHO|ECHOE|ECHOK|IEXTEN|ECHOCTL|ECHOKE, ...}) = 0
1314542 mmap(0x1eb061240000, 520192, PROT_READ|PROT_WRITE, MAP_PRIVATE|MAP_ANONYMOUS, -1, 0) = 0x1eb061240000
1314542 madvise(0x1eb061240000, 520192, MADV_DONTFORK) = 0
1314542 munmap(0x1eb061280000, 258048)  = 0
1314542 futex(0x560d992d2388, FUTEX_WAKE_PRIVATE, 1) = 1
1314546 <... futex resumed>)            = 0
1314546 futex(0x560d992d2340, FUTEX_WAKE_PRIVATE, 1) = 0
1314546 mmap(0x7f15dc000000, 67108864, PROT_NONE, MAP_PRIVATE|MAP_ANONYMOUS, -1, 0) = 0x7f15dc000000
1314546 mprotect(0x7f15dc000000, 135168, PROT_READ|PROT_WRITE) = 0
1314546 gettid()                        = 1314546
1314546 mmap(0x2db15f3c0000, 520192, PROT_READ|PROT_WRITE, MAP_PRIVATE|MAP_ANONYMOUS, -1, 0) = 0x2db15f3c0000
1314546 madvise(0x2db15f3c0000, 520192, MADV_DONTFORK) = 0
1314546 munmap(0x2db15f400000, 258048)  = 0
1314546 futex(0x560d992d238c, FUTEX_WAIT_BITSET_PRIVATE|FUTEX_CLOCK_REALTIME, 0, NULL, FUTEX_BITSET_MATCH_ANY <unfinished ...>
1314542 ioctl(0, TCGETS2, {c_iflag=BRKINT|ICRNL|IXON|IXANY|IMAXBEL|IUTF8, c_oflag=NL0|CR0|TAB0|BS0|VT0|FF0|OPOST|ONLCR, c_cflag=B38400|B38400<<IBSHIFT|CS8|CREAD|HUPCL, c_lflag=ISIG|ICANON|ECHO|ECHOE|ECHOK|IEXTEN|ECHOCTL|ECHOKE, ...}) = 0
1314542 fcntl(0, F_GETFL)               = 0x2 (flags O_RDWR)
1314542 ioctl(0, TIOCGPTN, 0x7ffcbd85199c) = -1 ENOTTY (Inappropriate ioctl for device)
1314542 ioctl(0, TCGETS2, {c_iflag=BRKINT|ICRNL|IXON|IXANY|IMAXBEL|IUTF8, c_oflag=NL0|CR0|TAB0|BS0|VT0|FF0|OPOST|ONLCR, c_cflag=B38400|B38400<<IBSHIFT|CS8|CREAD|HUPCL, c_lflag=ISIG|ICANON|ECHO|ECHOE|ECHOK|IEXTEN|ECHOCTL|ECHOKE, ...}) = 0
1314542 fstat(0, {st_mode=S_IFCHR|0620, st_rdev=makedev(0x88, 0x4), ...}) = 0
1314542 readlink("/proc/self/fd/0", "/dev/pts/4", 255) = 10
1314542 newfstatat(AT_FDCWD, "/dev/pts/4", {st_mode=S_IFCHR|0620, st_rdev=makedev(0x88, 0x4), ...}, 0) = 0
1314542 openat(AT_FDCWD, "/dev/pts/4", O_RDWR|O_NOCTTY|O_CLOEXEC) = 20
1314542 dup3(20, 0, O_CLOEXEC)          = 0
1314542 openat(AT_FDCWD, "/dev/null", O_RDONLY|O_CLOEXEC) = 21
1314542 ioctl(20, FIONBIO, [1])         = 0
1314542 ioctl(1, TCGETS2, {c_iflag=BRKINT|ICRNL|IXON|IXANY|IMAXBEL|IUTF8, c_oflag=NL0|CR0|TAB0|BS0|VT0|FF0|OPOST|ONLCR, c_cflag=B38400|B38400<<IBSHIFT|CS8|CREAD|HUPCL, c_lflag=ISIG|ICANON|ECHO|ECHOE|ECHOK|IEXTEN|ECHOCTL|ECHOKE, ...}) = 0
1314542 ioctl(1, TCGETS2, {c_iflag=BRKINT|ICRNL|IXON|IXANY|IMAXBEL|IUTF8, c_oflag=NL0|CR0|TAB0|BS0|VT0|FF0|OPOST|ONLCR, c_cflag=B38400|B38400<<IBSHIFT|CS8|CREAD|HUPCL, c_lflag=ISIG|ICANON|ECHO|ECHOE|ECHOK|IEXTEN|ECHOCTL|ECHOKE, ...}) = 0
1314542 fcntl(1, F_GETFL)               = 0x2 (flags O_RDWR)
1314542 ioctl(1, TIOCGPTN, 0x7ffcbd85193c) = -1 ENOTTY (Inappropriate ioctl for device)
1314542 ioctl(1, TCGETS2, {c_iflag=BRKINT|ICRNL|IXON|IXANY|IMAXBEL|IUTF8, c_oflag=NL0|CR0|TAB0|BS0|VT0|FF0|OPOST|ONLCR, c_cflag=B38400|B38400<<IBSHIFT|CS8|CREAD|HUPCL, c_lflag=ISIG|ICANON|ECHO|ECHOE|ECHOK|IEXTEN|ECHOCTL|ECHOKE, ...}) = 0
1314542 fstat(1, {st_mode=S_IFCHR|0620, st_rdev=makedev(0x88, 0x4), ...}) = 0
1314542 readlink("/proc/self/fd/1", "/dev/pts/4", 255) = 10
1314542 newfstatat(AT_FDCWD, "/dev/pts/4", {st_mode=S_IFCHR|0620, st_rdev=makedev(0x88, 0x4), ...}, 0) = 0
1314542 openat(AT_FDCWD, "/dev/pts/4", O_RDWR|O_NOCTTY|O_CLOEXEC) = 22
1314542 dup3(22, 1, O_CLOEXEC)          = 1
1314542 ioctl(22, FIONBIO, [1])         = 0
1314542 ioctl(22, FIONBIO, [0])         = 0
1314542 ioctl(22, TIOCGWINSZ, {ws_row=12, ws_col=159, ws_xpixel=0, ws_ypixel=0}) = 0
1314542 rt_sigprocmask(SIG_SETMASK, ~[RTMIN RT_1], [], 8) = 0
1314542 read(5, "*", 1)                 = 1
1314542 rt_sigaction(SIGWINCH, {sa_handler=0x7f162818b6e0, sa_mask=~[RTMIN RT_1], sa_flags=SA_RESTORER|SA_RESTART, sa_restorer=0x7f1626e1b380}, NULL, 8) = 0
1314542 write(6, "*", 1)                = 1
1314542 rt_sigprocmask(SIG_SETMASK, [], NULL, 8) = 0
1314542 futex(0x560d992d2388, FUTEX_WAKE_PRIVATE, 1) = 1
1314547 <... futex resumed>)            = 0
1314547 futex(0x560d992d2340, FUTEX_WAKE_PRIVATE, 1) = 0
1314547 mmap(NULL, 134217728, PROT_NONE, MAP_PRIVATE|MAP_ANONYMOUS, -1, 0) = 0x7f15d0000000
1314547 munmap(0x7f15d4000000, 67108864) = 0
1314542 ioctl(20, TCGETS2 <unfinished ...>
1314547 mprotect(0x7f15d0000000, 135168, PROT_READ|PROT_WRITE <unfinished ...>
1314542 <... ioctl resumed>, {c_iflag=BRKINT|ICRNL|IXON|IXANY|IMAXBEL|IUTF8, c_oflag=NL0|CR0|TAB0|BS0|VT0|FF0|OPOST|ONLCR, c_cflag=B38400|B38400<<IBSHIFT|CS8|CREAD|HUPCL, c_lflag=ISIG|ICANON|ECHO|ECHOE|ECHOK|IEXTEN|ECHOCTL|ECHOKE, ...}) = 0
1314547 <... mprotect resumed>)         = 0
1314542 ioctl(20, TCSETSW2, {c_iflag=IXANY|IMAXBEL|IUTF8, c_oflag=NL0|CR0|TAB0|BS0|VT0|FF0|OPOST|ONLCR, c_cflag=B38400|B38400<<IBSHIFT|CS8|CREAD|HUPCL, c_lflag=ECHOE|ECHOK|ECHOCTL|ECHOKE, ...}) = 0
1314547 gettid()                        = 1314547
1314547 futex(0x560d992d238c, FUTEX_WAIT_BITSET_PRIVATE|FUTEX_CLOCK_REALTIME, 0, NULL, FUTEX_BITSET_MATCH_ANY <unfinished ...>
1314542 write(22, "\33[1G", 4)          = 4
1314542 write(22, "\33[0J", 4)          = 4
1314542 write(22, "What is your name? ", 19) = 19
1314542 write(22, "\33[20G", 5)         = 5
1314542 io_uring_enter(16, 3, 3, IORING_ENTER_GETEVENTS, NULL, 0) = 3
1314542 epoll_pwait(15, [], 1024, 0, NULL, 8) = 0
1314542 epoll_pwait(15, [{events=EPOLLIN, data=0x14}], 1024, -1, NULL, 8) = 1
1314542 read(20, "S", 65536)            = 1
1314542 write(22, "S", 1)               = 1
1314542 epoll_pwait(15, [], 1024, 0, NULL, 8) = 0
1314542 epoll_pwait(15, [{events=EPOLLIN, data=0x14}], 1024, -1, NULL, 8) = 1
1314542 read(20, "a", 65536)            = 1
1314542 write(22, "a", 1)               = 1
1314542 epoll_pwait(15, [], 1024, 0, NULL, 8) = 0
1314542 epoll_pwait(15, [{events=EPOLLIN, data=0x14}], 1024, -1, NULL, 8) = 1
1314542 read(20, "m", 65536)            = 1
1314542 write(22, "m", 1)               = 1
1314542 epoll_pwait(15, [], 1024, 0, NULL, 8) = 0
1314542 epoll_pwait(15, [{events=EPOLLIN, data=0x14}], 1024, -1, NULL, 8) = 1
1314542 read(20, "\r", 65536)           = 1
1314542 futex(0x560d992d238c, FUTEX_WAKE_PRIVATE, 1) = 1
1314544 <... futex resumed>)            = 0
1314544 futex(0x560d992d2340, FUTEX_WAKE_PRIVATE, 1) = 0
1314544 futex(0x560d992d2388, FUTEX_WAIT_BITSET_PRIVATE|FUTEX_CLOCK_REALTIME, 0, NULL, FUTEX_BITSET_MATCH_ANY <unfinished ...>
1314542 write(22, "\r\n", 2)            = 2
1314542 ioctl(2, TCGETS2, {c_iflag=IXANY|IMAXBEL|IUTF8, c_oflag=NL0|CR0|TAB0|BS0|VT0|FF0|OPOST|ONLCR, c_cflag=B38400|B38400<<IBSHIFT|CS8|CREAD|HUPCL, c_lflag=ECHOE|ECHOK|ECHOCTL|ECHOKE, ...}) = 0
1314542 ioctl(2, TCGETS2, {c_iflag=IXANY|IMAXBEL|IUTF8, c_oflag=NL0|CR0|TAB0|BS0|VT0|FF0|OPOST|ONLCR, c_cflag=B38400|B38400<<IBSHIFT|CS8|CREAD|HUPCL, c_lflag=ECHOE|ECHOK|ECHOCTL|ECHOKE, ...}) = 0
1314542 fcntl(2, F_GETFL)               = 0x2 (flags O_RDWR)
1314542 ioctl(2, TIOCGPTN, 0x7ffcbd84ac4c) = -1 ENOTTY (Inappropriate ioctl for device)
1314542 ioctl(2, TCGETS2, {c_iflag=IXANY|IMAXBEL|IUTF8, c_oflag=NL0|CR0|TAB0|BS0|VT0|FF0|OPOST|ONLCR, c_cflag=B38400|B38400<<IBSHIFT|CS8|CREAD|HUPCL, c_lflag=ECHOE|ECHOK|ECHOCTL|ECHOKE, ...}) = 0
1314542 fstat(2, {st_mode=S_IFCHR|0620, st_rdev=makedev(0x88, 0x4), ...}) = 0
1314542 readlink("/proc/self/fd/2", "/dev/pts/4", 255) = 10
1314542 newfstatat(AT_FDCWD, "/dev/pts/4", {st_mode=S_IFCHR|0620, st_rdev=makedev(0x88, 0x4), ...}, 0) = 0
1314542 openat(AT_FDCWD, "/dev/pts/4", O_RDWR|O_NOCTTY|O_CLOEXEC) = 23
1314542 dup3(23, 2, O_CLOEXEC)          = 2
1314542 ioctl(23, FIONBIO, [1])         = 0
1314542 ioctl(23, FIONBIO, [0])         = 0
1314542 ioctl(23, TIOCGWINSZ, {ws_row=12, ws_col=159, ws_xpixel=0, ws_ypixel=0}) = 0
1314542 write(22, "Hello, Sam!\n", 12)  = 12
1314542 futex(0x560d992d238c, FUTEX_WAKE_PRIVATE, 1) = 1
1314545 <... futex resumed>)            = 0
1314545 futex(0x560d992d2340, FUTEX_WAKE_PRIVATE, 1) = 0
1314542 ioctl(20, TCSETSW2, {c_iflag=BRKINT|ICRNL|IXON|IXANY|IMAXBEL|IUTF8, c_oflag=NL0|CR0|TAB0|BS0|VT0|FF0|OPOST|ONLCR, c_cflag=B38400|B38400<<IBSHIFT|CS8|CREAD|HUPCL, c_lflag=ISIG|ICANON|ECHO|ECHOE|ECHOK|IEXTEN|ECHOCTL|ECHOKE, ...} <unfinished ...>
1314545 futex(0x560d992d2388, FUTEX_WAIT_BITSET_PRIVATE|FUTEX_CLOCK_REALTIME, 0, NULL, FUTEX_BITSET_MATCH_ANY <unfinished ...>
1314542 <... ioctl resumed>)            = 0
1314542 futex(0x560d992d238c, FUTEX_WAKE_PRIVATE, 1) = 1
1314546 <... futex resumed>)            = 0
1314546 futex(0x560d992d2340, FUTEX_WAKE_PRIVATE, 1) = 0
1314546 futex(0x560d992d2388, FUTEX_WAIT_BITSET_PRIVATE|FUTEX_CLOCK_REALTIME, 0, NULL, FUTEX_BITSET_MATCH_ANY <unfinished ...>
1314542 ioctl(20, TCSETS2, {c_iflag=BRKINT|ICRNL|IXON|IXANY|IMAXBEL|IUTF8, c_oflag=NL0|CR0|TAB0|BS0|VT0|FF0|OPOST|ONLCR, c_cflag=B38400|B38400<<IBSHIFT|CS8|CREAD|HUPCL, c_lflag=ISIG|ICANON|ECHO|ECHOE|ECHOK|IEXTEN|ECHOCTL|ECHOKE, ...}) = 0
1314542 epoll_ctl(15, EPOLL_CTL_DEL, 20, 0x7ffcbd852a8c) = 0
1314542 close(20)                       = 0
1314542 epoll_ctl(15, EPOLL_CTL_DEL, 22, 0x7ffcbd852a8c) = -1 ENOENT (No such file or directory)
1314542 close(22)                       = 0
1314542 rt_sigprocmask(SIG_SETMASK, ~[RTMIN RT_1], [], 8) = 0
1314542 read(5, "*", 1)                 = 1
1314542 rt_sigaction(SIGWINCH, {sa_handler=SIG_DFL, sa_mask=[], sa_flags=SA_RESTORER, sa_restorer=0x7f1626e1b380}, NULL, 8) = 0
1314542 write(6, "*", 1)                = 1
1314542 rt_sigprocmask(SIG_SETMASK, [], NULL, 8) = 0
1314542 epoll_ctl(15, EPOLL_CTL_DEL, 23, 0x7ffcbd852a8c) = -1 ENOENT (No such file or directory)
1314542 close(23)                       = 0
1314542 epoll_pwait(15, [], 1024, 0, NULL, 8) = 0
1314542 epoll_pwait(15, [], 1024, 0, NULL, 8) = 0
1314542 munmap(0x1586f5f80000, 262144)  = 0
1314542 munmap(0x8e093ec0000, 262144)   = 0
1314542 munmap(0x9c407740000, 262144)   = 0
1314542 munmap(0x114a42600000, 32768)   = 0
1314542 madvise(0x7f15e6000000, 262144, MADV_DONTNEED) = 0
1314542 madvise(0x7f15e6040000, 262144, MADV_DONTNEED) = 0
1314542 munmap(0xb3d69900000, 262144)   = 0
1314542 munmap(0x215aa6300000, 262144)  = 0
1314542 munmap(0xa7987740000, 262144)   = 0
1314542 munmap(0x126808680000, 24576)   = 0
1314542 munmap(0x369496bc0000, 262144)  = 0
1314542 munmap(0x1c85f12c0000, 262144)  = 0
1314542 munmap(0x246830b80000, 266240)  = 0
1314542 munmap(0xf5652740000, 262144)   = 0
1314542 munmap(0x370e4cc0000, 262144)   = 0
1314542 munmap(0x3b05242c0000, 262144)  = 0
1314542 munmap(0x31c7136c0000, 262144)  = 0
1314542 munmap(0x3e3e2c80000, 262144)   = 0
1314542 munmap(0x17d325900000, 262144)  = 0
1314542 munmap(0x5f764d40000, 262144)   = 0
1314542 munmap(0x11f044b40000, 262144)  = 0
1314542 munmap(0x336601780000, 262144)  = 0
1314542 munmap(0x86045180000, 262144)   = 0
1314542 munmap(0x3c79da540000, 262144)  = 0
1314542 munmap(0x1eb061240000, 262144)  = 0
1314542 munmap(0x2db15f3c0000, 262144)  = 0
1314542 munmap(0x101693780000, 122880)  = 0
1314542 mmap(0x7f160e000000, 65536, PROT_NONE, MAP_PRIVATE|MAP_FIXED|MAP_ANONYMOUS, -1, 0) = 0x7f160e000000
1314542 mmap(0x7f160e010000, 65536, PROT_NONE, MAP_PRIVATE|MAP_FIXED|MAP_ANONYMOUS, -1, 0) = 0x7f160e010000
1314542 munmap(0x7f1624573000, 135168)  = 0
1314542 munmap(0x7f15e5ff0000, 536870912) = 0
1314542 fstat(0, {st_mode=S_IFCHR|0620, st_rdev=makedev(0x88, 0x4), ...}) = 0
1314542 fcntl(0, F_GETFL)               = 0x8802 (flags O_RDWR|O_NONBLOCK|O_LARGEFILE)
1314542 fcntl(0, F_SETFL, O_RDWR|O_LARGEFILE) = 0
1314542 rt_sigprocmask(SIG_BLOCK, [TTOU], NULL, 8) = 0
1314542 ioctl(0, TCSETS2, {c_iflag=BRKINT|ICRNL|IXON|IXANY|IMAXBEL|IUTF8, c_oflag=NL0|CR0|TAB0|BS0|VT0|FF0|OPOST|ONLCR, c_cflag=B38400|B38400<<IBSHIFT|CS8|CREAD|HUPCL, c_lflag=ISIG|ICANON|ECHO|ECHOE|ECHOK|IEXTEN|ECHOCTL|ECHOKE, ...}) = 0
1314542 rt_sigprocmask(SIG_UNBLOCK, [TTOU], NULL, 8) = 0
1314542 fstat(1, {st_mode=S_IFCHR|0620, st_rdev=makedev(0x88, 0x4), ...}) = 0
1314542 fcntl(1, F_GETFL)               = 0x8002 (flags O_RDWR|O_LARGEFILE)
1314542 rt_sigprocmask(SIG_BLOCK, [TTOU], NULL, 8) = 0
1314542 ioctl(1, TCSETS2, {c_iflag=BRKINT|ICRNL|IXON|IXANY|IMAXBEL|IUTF8, c_oflag=NL0|CR0|TAB0|BS0|VT0|FF0|OPOST|ONLCR, c_cflag=B38400|B38400<<IBSHIFT|CS8|CREAD|HUPCL, c_lflag=ISIG|ICANON|ECHO|ECHOE|ECHOK|IEXTEN|ECHOCTL|ECHOKE, ...}) = 0
1314542 rt_sigprocmask(SIG_UNBLOCK, [TTOU], NULL, 8) = 0
1314542 fstat(2, {st_mode=S_IFCHR|0620, st_rdev=makedev(0x88, 0x4), ...}) = 0
1314542 fcntl(2, F_GETFL)               = 0x8002 (flags O_RDWR|O_LARGEFILE)
1314542 rt_sigprocmask(SIG_BLOCK, [TTOU], NULL, 8) = 0
1314542 ioctl(2, TCSETS2, {c_iflag=BRKINT|ICRNL|IXON|IXANY|IMAXBEL|IUTF8, c_oflag=NL0|CR0|TAB0|BS0|VT0|FF0|OPOST|ONLCR, c_cflag=B38400|B38400<<IBSHIFT|CS8|CREAD|HUPCL, c_lflag=ISIG|ICANON|ECHO|ECHOE|ECHOK|IEXTEN|ECHOCTL|ECHOKE, ...}) = 0
1314542 rt_sigprocmask(SIG_UNBLOCK, [TTOU], NULL, 8) = 0
1314542 rt_sigaction(SIGHUP, NULL, {sa_handler=SIG_DFL, sa_mask=[], sa_flags=0}, 8) = 0
1314542 rt_sigaction(SIGINT, NULL, {sa_handler=0x560d961d4f50, sa_mask=~[KILL STOP RTMIN RT_1], sa_flags=SA_RESTORER|SA_RESETHAND, sa_restorer=0x7f1626e1b380}, 8) = 0
1314542 rt_sigaction(SIGQUIT, NULL, {sa_handler=SIG_DFL, sa_mask=[], sa_flags=0}, 8) = 0
1314542 rt_sigaction(SIGILL, NULL, {sa_handler=SIG_DFL, sa_mask=[], sa_flags=0}, 8) = 0
1314542 rt_sigaction(SIGTRAP, NULL, {sa_handler=SIG_DFL, sa_mask=[], sa_flags=0}, 8) = 0
1314542 rt_sigprocmask(SIG_BLOCK, ~[], [], 8) = 0
1314542 rt_sigaction(SIGABRT, NULL, {sa_handler=SIG_DFL, sa_mask=[], sa_flags=0}, 8) = 0
1314542 rt_sigprocmask(SIG_SETMASK, [], NULL, 8) = 0
1314542 rt_sigaction(SIGBUS, NULL, {sa_handler=SIG_DFL, sa_mask=[], sa_flags=0}, 8) = 0
1314542 rt_sigaction(SIGFPE, NULL, {sa_handler=SIG_DFL, sa_mask=[], sa_flags=0}, 8) = 0
1314542 rt_sigaction(SIGUSR1, NULL, {sa_handler=0x560d9640f1e0, sa_mask=~[KILL STOP RTMIN RT_1], sa_flags=SA_RESTORER, sa_restorer=0x7f1626e1b380}, 8) = 0
1314542 rt_sigaction(SIGSEGV, NULL, {sa_handler=0x560d961d4f90, sa_mask=[], sa_flags=SA_RESTORER|SA_SIGINFO, sa_restorer=0x7f1626e1b380}, 8) = 0
1314542 rt_sigaction(SIGUSR2, NULL, {sa_handler=SIG_DFL, sa_mask=[], sa_flags=0}, 8) = 0
1314542 rt_sigaction(SIGPIPE, {sa_handler=SIG_IGN, sa_mask=[], sa_flags=SA_RESTORER, sa_restorer=0x7f1626e1b380}, NULL, 8) = 0
1314542 rt_sigaction(SIGALRM, NULL, {sa_handler=SIG_DFL, sa_mask=[], sa_flags=0}, 8) = 0
1314542 rt_sigaction(SIGTERM, NULL, {sa_handler=0x560d961d4f50, sa_mask=~[KILL STOP RTMIN RT_1], sa_flags=SA_RESTORER|SA_RESETHAND, sa_restorer=0x7f1626e1b380}, 8) = 0
1314542 rt_sigaction(SIGSTKFLT, NULL, {sa_handler=SIG_DFL, sa_mask=[], sa_flags=0}, 8) = 0
1314542 rt_sigaction(SIGCHLD, NULL, {sa_handler=SIG_DFL, sa_mask=[], sa_flags=0}, 8) = 0
1314542 rt_sigaction(SIGCONT, NULL, {sa_handler=SIG_DFL, sa_mask=[], sa_flags=0}, 8) = 0
1314542 rt_sigaction(SIGTSTP, NULL, {sa_handler=SIG_DFL, sa_mask=[], sa_flags=0}, 8) = 0
1314542 rt_sigaction(SIGTTIN, NULL, {sa_handler=SIG_DFL, sa_mask=[], sa_flags=0}, 8) = 0
1314542 rt_sigaction(SIGTTOU, NULL, {sa_handler=SIG_DFL, sa_mask=[], sa_flags=0}, 8) = 0
1314542 rt_sigaction(SIGURG, NULL, {sa_handler=SIG_DFL, sa_mask=[], sa_flags=0}, 8) = 0
1314542 rt_sigaction(SIGXCPU, NULL, {sa_handler=SIG_DFL, sa_mask=[], sa_flags=0}, 8) = 0
1314542 rt_sigaction(SIGXFSZ, {sa_handler=SIG_IGN, sa_mask=[], sa_flags=SA_RESTORER, sa_restorer=0x7f1626e1b380}, NULL, 8) = 0
1314542 rt_sigaction(SIGVTALRM, NULL, {sa_handler=SIG_DFL, sa_mask=[], sa_flags=0}, 8) = 0
1314542 rt_sigaction(SIGPROF, NULL, {sa_handler=SIG_DFL, sa_mask=[], sa_flags=0}, 8) = 0
1314542 rt_sigaction(SIGWINCH, NULL, {sa_handler=SIG_DFL, sa_mask=[], sa_flags=SA_RESTORER, sa_restorer=0x7f1626e1b380}, 8) = 0
1314542 rt_sigaction(SIGIO, NULL, {sa_handler=SIG_DFL, sa_mask=[], sa_flags=0}, 8) = 0
1314542 rt_sigaction(SIGPWR, NULL, {sa_handler=SIG_DFL, sa_mask=[], sa_flags=0}, 8) = 0
1314542 rt_sigaction(SIGSYS, NULL, {sa_handler=SIG_DFL, sa_mask=[], sa_flags=0}, 8) = 0
1314542 munmap(0x7f1605ff0000, 134217728) = 0
1314542 mmap(0x7f160dff0000, 65536, PROT_NONE, MAP_PRIVATE|MAP_FIXED|MAP_ANONYMOUS, -1, 0) = 0x7f160dff0000
1314542 munmap(0x7f160dff0000, 268435456) = 0
1314542 futex(0x560d992d238c, FUTEX_WAKE_PRIVATE, 2147483647) = 1
1314542 futex(0x560d992d2388, FUTEX_WAKE_PRIVATE, 2147483647) = 3
1314546 <... futex resumed>)            = 0
1314545 <... futex resumed>)            = 0
1314544 <... futex resumed>)            = 0
1314542 write(14, "\1\0\0\0\0\0\0\0", 8 <unfinished ...>
1314547 <... futex resumed>)            = 0
1314546 futex(0x560d992d2340, FUTEX_WAKE_PRIVATE, 1 <unfinished ...>
1314545 futex(0x560d992d2340, FUTEX_WAKE_PRIVATE, 1 <unfinished ...>
1314542 <... write resumed>)            = 8
1314547 futex(0x560d992d2340, FUTEX_WAKE_PRIVATE, 1 <unfinished ...>
1314546 <... futex resumed>)            = 0
1314543 <... epoll_pwait resumed>, [{events=EPOLLIN, data=0xe}], 1024, -1, NULL, 8) = 1
1314545 <... futex resumed>)            = 0
1314547 <... futex resumed>)            = 0
1314546 rt_sigprocmask(SIG_BLOCK, ~[RT_1] <unfinished ...>
1314547 rt_sigprocmask(SIG_BLOCK, ~[RT_1] <unfinished ...>
1314545 rt_sigprocmask(SIG_BLOCK, ~[RT_1] <unfinished ...>
1314543 read(14 <unfinished ...>
1314547 <... rt_sigprocmask resumed>, NULL, 8) = 0
1314546 <... rt_sigprocmask resumed>, NULL, 8) = 0
1314547 madvise(0x7f161dffc000, 8368128, MADV_DONTNEED <unfinished ...>
1314545 <... rt_sigprocmask resumed>, NULL, 8) = 0
1314543 <... read resumed>, "\1\0\0\0\0\0\0\0", 1024) = 8
1314547 <... madvise resumed>)          = 0
1314546 madvise(0x7f161e7fd000, 8368128, MADV_DONTNEED <unfinished ...>
1314545 madvise(0x7f161effe000, 8368128, MADV_DONTNEED <unfinished ...>
1314543 futex(0x560d992d2448, FUTEX_WAIT_PRIVATE, 2, NULL <unfinished ...>
1314547 exit(0 <unfinished ...>
1314546 <... madvise resumed>)          = 0
1314545 <... madvise resumed>)          = 0
1314547 <... exit resumed>)             = ?
1314546 exit(0 <unfinished ...>
1314547 +++ exited with 0 +++
1314545 exit(0 <unfinished ...>
1314544 futex(0x560d992d2340, FUTEX_WAKE_PRIVATE, 1) = 0
1314544 rt_sigprocmask(SIG_BLOCK, ~[RT_1] <unfinished ...>
1314542 futex(0x560d992d2448, FUTEX_WAKE_PRIVATE, 1 <unfinished ...>
1314544 <... rt_sigprocmask resumed>, NULL, 8) = 0
1314542 <... futex resumed>)            = 1
1314544 madvise(0x7f161f7ff000, 8368128, MADV_DONTNEED <unfinished ...>
1314542 futex(0x7f1624e22990, FUTEX_WAIT_BITSET|FUTEX_CLOCK_REALTIME, 1314543, NULL, FUTEX_BITSET_MATCH_ANY <unfinished ...>
1314544 <... madvise resumed>)          = 0
1314544 exit(0)                         = ?
1314544 +++ exited with 0 +++
1314546 <... exit resumed>)             = ?
1314545 <... exit resumed>)             = ?
1314546 +++ exited with 0 +++
1314545 +++ exited with 0 +++
1314543 <... futex resumed>)            = 0
1314543 futex(0x560d992d2448, FUTEX_WAKE_PRIVATE, 1) = 0
1314543 close(12)                       = 0
1314543 close(13)                       = 0
1314543 munmap(0x7f162461f000, 8256)    = 0
1314543 munmap(0x7f162461b000, 16384)   = 0
1314543 close(11)                       = 0
1314543 close(14)                       = 0
1314543 close(10)                       = 0
1314543 rt_sigprocmask(SIG_BLOCK, ~[RT_1], NULL, 8) = 0
1314543 madvise(0x7f1624622000, 8368128, MADV_DONTNEED) = 0
1314543 exit(0)                         = ?
1314542 <... futex resumed>)            = 0
1314543 +++ exited with 0 +++
1314542 munmap(0x7f1624622000, 8392704) = 0
1314542 io_uring_enter(4, 2, 2, IORING_ENTER_GETEVENTS, NULL, 0) = 2
1314542 epoll_pwait(3, [], 1024, 0, NULL, 8) = 0
1314542 close(7)                        = 0
1314542 close(8)                        = 0
1314542 munmap(0x7f16281c5000, 8256)    = 0
1314542 munmap(0x7f16281c1000, 16384)   = 0
1314542 close(4)                        = 0
1314542 close(9)                        = 0
1314542 close(3)                        = 0
1314542 fstat(0, {st_mode=S_IFCHR|0620, st_rdev=makedev(0x88, 0x4), ...}) = 0
1314542 fcntl(0, F_GETFL)               = 0x8002 (flags O_RDWR|O_LARGEFILE)
1314542 rt_sigprocmask(SIG_BLOCK, [TTOU], NULL, 8) = 0
1314542 ioctl(0, TCSETS2, {c_iflag=BRKINT|ICRNL|IXON|IXANY|IMAXBEL|IUTF8, c_oflag=NL0|CR0|TAB0|BS0|VT0|FF0|OPOST|ONLCR, c_cflag=B38400|B38400<<IBSHIFT|CS8|CREAD|HUPCL, c_lflag=ISIG|ICANON|ECHO|ECHOE|ECHOK|IEXTEN|ECHOCTL|ECHOKE, ...}) = 0
1314542 rt_sigprocmask(SIG_UNBLOCK, [TTOU], NULL, 8) = 0
1314542 fstat(1, {st_mode=S_IFCHR|0620, st_rdev=makedev(0x88, 0x4), ...}) = 0
1314542 fcntl(1, F_GETFL)               = 0x8002 (flags O_RDWR|O_LARGEFILE)
1314542 rt_sigprocmask(SIG_BLOCK, [TTOU], NULL, 8) = 0
1314542 ioctl(1, TCSETS2, {c_iflag=BRKINT|ICRNL|IXON|IXANY|IMAXBEL|IUTF8, c_oflag=NL0|CR0|TAB0|BS0|VT0|FF0|OPOST|ONLCR, c_cflag=B38400|B38400<<IBSHIFT|CS8|CREAD|HUPCL, c_lflag=ISIG|ICANON|ECHO|ECHOE|ECHOK|IEXTEN|ECHOCTL|ECHOKE, ...}) = 0
1314542 rt_sigprocmask(SIG_UNBLOCK, [TTOU], NULL, 8) = 0
1314542 fstat(2, {st_mode=S_IFCHR|0620, st_rdev=makedev(0x88, 0x4), ...}) = 0
1314542 fcntl(2, F_GETFL)               = 0x8002 (flags O_RDWR|O_LARGEFILE)
1314542 rt_sigprocmask(SIG_BLOCK, [TTOU], NULL, 8) = 0
1314542 ioctl(2, TCSETS2, {c_iflag=BRKINT|ICRNL|IXON|IXANY|IMAXBEL|IUTF8, c_oflag=NL0|CR0|TAB0|BS0|VT0|FF0|OPOST|ONLCR, c_cflag=B38400|B38400<<IBSHIFT|CS8|CREAD|HUPCL, c_lflag=ISIG|ICANON|ECHO|ECHOE|ECHOK|IEXTEN|ECHOCTL|ECHOKE, ...}) = 0
1314542 rt_sigprocmask(SIG_UNBLOCK, [TTOU], NULL, 8) = 0
1314542 futex(0x7f1627e8b9d8, FUTEX_WAKE_PRIVATE, 2147483647) = 0
1314542 close(5)                        = 0
1314542 close(6)                        = 0
1314542 exit_group(0)                   = ?
1314548 <... futex resumed>)            = ?
1314548 +++ exited with 0 +++
1314542 +++ exited with 0 +++
